// Vitest Snapshot v1, https://vitest.dev/guide/snapshot.html

exports[`astro > tokens > client directives 1`] = `
"«oper:<»«var:Counter» «kwd:client:load» «class:start»«oper:={»«num:0»«oper:}» «oper:/>»
«oper:<»«var:Chart» «kwd:client:idle» «oper:/>»
«oper:<»«var:Map» «kwd:client:visible» «oper:/>»
«oper:<»«var:Sidebar» «kwd:client:media»«oper:=»«str:"(min-width: 50em)"» «oper:/>»
«oper:<»«var:Widget» «kwd:client:only»«oper:=»«str:"react"» «oper:/>»
«oper:<»«var:Comments» «kwd:server:defer» «oper:/>»"
`;

exports[`astro > tokens > comments 1`] = `
"«oper:---
»«kwd:const» ok «oper:=» «bool:true»;«oper:
---»

«cmnt:<!-- the header -->»
«cmnt:<!-- »«err:TODO»«cmnt:: extract a component -->»
«oper:<»«var:p»«oper:>»a «var:&amp;» b «var:&lt;» c«oper:</»«var:p»«oper:>»
«oper:{»«cmnt:/* an expression comment */»«oper:}»"
`;

exports[`astro > tokens > content directives 1`] = `
"«oper:<»«var:article» «kwd:set:html»«oper:={»post«oper:.»body«oper:}»«oper:>»«oper:</»«var:article»«oper:>»
«oper:<»«var:pre» «kwd:set:text»«oper:={»raw«oper:}»«oper:>»«oper:</»«var:pre»«oper:>»
«oper:<»«var:script» «kwd:is:inline» «class:src»«oper:=»«str:"/analytics.js"»«oper:>»«oper:</»«var:script»«oper:>»
«oper:<»«var:style» «kwd:is:global»«oper:>»
  «kwd:body» {
    «var:margin»: «num:0»;
  }
«oper:</»«var:style»«oper:>»
«oper:<»«var:div» «kwd:define:vars»«oper:={»{ color«oper::» «str:"#09f"» }«oper:}»«oper:>»«oper:</»«var:div»«oper:>»"
`;

exports[`astro > tokens > expressions 1`] = `
"«oper:<»«var:p»«oper:>»«oper:{»user«oper:.»name«oper:}»«oper:</»«var:p»«oper:>»
«oper:<»«var:p»«oper:>»«oper:{»«str:"Total: "» «oper:+» total«oper:.»«func:toFixed»(«num:2»)«oper:}»«oper:</»«var:p»«oper:>»
«oper:<»«var:p»«oper:>»«oper:{»items«oper:.»length«oper:}» left«oper:</»«var:p»«oper:>»
«oper:<»«var:ul»«oper:>»«oper:{»items«oper:.»«func:map»((item) «kwd:=>» item«oper:.»label)«oper:}»«oper:</»«var:ul»«oper:>»
«oper:<»«var:p»«oper:>»«oper:{»ok «oper:?» «str:"yes"» «oper::» «str:"no"»«oper:}»«oper:</»«var:p»«oper:>»"
`;

exports[`astro > tokens > frontmatter 1`] = `
"«oper:---
»«cmnt:// the props of the page
»«kwd:interface» «class:Props» {
  title«type:: string»;
  count«oper:?:» number;
}

«kwd:const» { title«oper:,» count «oper:=» «num:0» } «oper:=» «class:Astro»«oper:.»props «kwd:as» «class:Props»;«oper:
---»

«oper:<»«var:p»«oper:>»«oper:{»title«oper:}»: «oper:{»count«oper:}»«oper:</»«var:p»«oper:>»"
`;

exports[`astro > tokens > page 1`] = `
"«oper:---
»«kwd:import» «class:Layout» «kwd:from» «str:"../layouts/Layout.astro"»;
«kwd:import» «class:Card» «kwd:from» «str:"../components/Card.astro"»;

«kwd:const» { title } «oper:=» «class:Astro»«oper:.»props;
«kwd:const» posts «oper:=» «kwd:await» «class:Astro»«oper:.»«func:glob»(«str:"./posts/*.md"»);«oper:
---»

«oper:<»«var:Layout» «class:title»«oper:={»title«oper:}»«oper:>»
  «oper:<»«var:h1»«oper:>»«oper:{»title«oper:}»«oper:</»«var:h1»«oper:>»
  «oper:<»«var:Card» «class:href»«oper:=»«str:"/one"» «class:body»«oper:=»«str:"the first one"» «oper:/>»
«oper:</»«var:Layout»«oper:>»"
`;

exports[`astro > tokens > plain markup 1`] = `
"«oper:<»«var:html» «class:lang»«oper:=»«str:"en"»«oper:>»
  «oper:<»«var:head»«oper:>»
    «oper:<»«var:meta» «class:charset»«oper:=»«str:"utf-8"» «oper:/>»
    «oper:<»«var:title»«oper:>»Home«oper:</»«var:title»«oper:>»
  «oper:</»«var:head»«oper:>»
  «oper:<»«var:body» «class:class»«oper:=»«str:"page"» «class:data-role»«oper:=»«str:main»«oper:>»
    «oper:<»«var:slot» «oper:/>»
    «oper:<»«var:hr»«oper:>»
  «oper:</»«var:body»«oper:>»
«oper:</»«var:html»«oper:>»"
`;

exports[`astro > tokens > style and script 1`] = `
"«oper:<»«var:style» «class:lang»«oper:=»«str:"scss"»«oper:>»
  «var:$brand»: «num:#09f»;

  «class:.card» {
    «var:color»: «var:$brand»;
  }
«oper:</»«var:style»«oper:>»

«oper:<»«var:script»«oper:>»
  «cmnt:// runs in the browser
»  document«oper:.»«func:querySelector»(«str:".card"»)«oper:?.»«func:addEventListener»(«str:"click"»«oper:,» () «kwd:=>» {
    console«oper:.»«func:log»(«str:"clicked"»);
  });
«oper:</»«var:script»«oper:>»"
`;
