// Vitest Snapshot v1, https://vitest.dev/guide/snapshot.html

exports[`bf > tokens > comments 1`] = `
"«oper:+» «cmnt:this text is a comment in brainfuck»
«oper:-»"
`;

exports[`bf > tokens > loops 1`] = `"«oper:+»[«oper:-»«kwd:>»«oper:+»«kwd:<»]"`;

exports[`bf > tokens > output 1`] = `"«func:.....»"`;

exports[`bf > tokens > program 1`] = `"«oper:++++++++»[«kwd:>»«oper:++++»[«kwd:>»«oper:++»«kwd:>»«oper:+++»«kwd:<<»«oper:-»]«kwd:>»«oper:+»«kwd:>>»«oper:+»«kwd:<<<»«oper:-»]«kwd:>>»«func:.»"`;
