// Vitest Snapshot v1, https://vitest.dev/guide/snapshot.html

exports[`cpp > tokens > bools 1`] = `
"«kwd:bool» ok «oper:=» «bool:true»;
«kwd:bool» no «oper:=» «bool:false»;
«kwd:int» «oper:*»p «oper:=» «bool:nullptr»;"
`;

exports[`cpp > tokens > classes 1`] = `
"«kwd:namespace» app «bracket:{»
«kwd:class» «class:Widget» «oper::» «kwd:public» «class:Base» «bracket:{»
«kwd:public»«oper::»
  «kwd:virtual» «oper:~»«func:Widget»«bracket:(»«bracket:)» «kwd:noexcept»;
«bracket:}»;
«bracket:}»"
`;

exports[`cpp > tokens > comments 1`] = `
"«cmnt:// line
»«cmnt:/* block
spanning */»
«cmnt:// »«err:TODO»«cmnt:: later»"
`;

exports[`cpp > tokens > functions 1`] = `
"«kwd:int» «func:main»«bracket:(»«bracket:)» «bracket:{»
  «class:std»«oper:::»cout «oper:<<» «func:add»«bracket:(»«num:1»«oper:,» «num:2»«bracket:)» «oper:<<» «class:std»«oper:::»endl;
  «kwd:return» «num:0»;
«bracket:}»"
`;

exports[`cpp > tokens > includes 1`] = `
"«kwd:#include »«str:<iostream>»
«kwd:#include »«str:"local.hpp"»
«kwd:#define» «class:MAX» «num:10»"
`;

exports[`cpp > tokens > keywords 1`] = `
"«kwd:constexpr» «kwd:auto» x «oper:=» «num:0»;
«kwd:for» «bracket:(»«kwd:int» i «oper:=» «num:0»; i «oper:<» «num:10»; «oper:++»i«bracket:)» «bracket:{»
  «kwd:if» «bracket:(»i«bracket:)» «kwd:continue»;
  «kwd:else» «kwd:break»;
«bracket:}»"
`;

exports[`cpp > tokens > numbers 1`] = `"«num:0» «num:42» «num:3.14f» «num:1e-9» «num:0xff» «num:1'000'000» «num:1UL» «num:0b1010»"`;

exports[`cpp > tokens > operators 1`] = `
"a «oper:=» b «oper:+» c «oper:*» d «oper:/» e «oper:%» f;
x «oper:=» y «oper:==» z «oper:?» p «oper:&&» q «oper::» «oper:~»r «oper:^» s;
ptr«oper:->»field «oper:=» «oper:*»val;
«class:obj»«oper:::»member «oper:=» «num:1»;"
`;

exports[`cpp > tokens > raw 1`] = `
"«kwd:auto» s «oper:=» «str:R"(no \\escape "here")"»;
«kwd:auto» d «oper:=» «str:R"delim(ends )not" here)delim"»;"
`;

exports[`cpp > tokens > strings 1`] = `"«str:"double"» «str:'c'» «str:"esc\\"aped"» «str:u8"utf8"» «str:L'w'» «str:U"wide"»"`;

exports[`cpp > tokens > templates 1`] = `
"«kwd:template» «oper:<»«kwd:typename» «class:T»«oper:>»
«class:std»«oper:::»vector«oper:<»«class:T»«oper:>» «func:wrap»«bracket:(»«kwd:const» «class:T» «oper:&»value«bracket:)» «bracket:{»
  «kwd:return» «class:std»«oper:::»vector«oper:<»«class:T»«oper:>»«bracket:{»value«bracket:}»;
«bracket:}»"
`;
