// Vitest Snapshot v1, https://vitest.dev/guide/snapshot.html

exports[`dart > tokens > asyncCode 1`] = `
"«class:Future»«oper:<»«class:List»«oper:<»«class:User»«oper:>>» «func:fetchUsers»«bracket:(»http«oper:.»«class:Client» client«bracket:)» «kwd:async» «bracket:{»
  «kwd:final» response «oper:=» «kwd:await» client«oper:.»«func:get»«bracket:(»«class:Uri»«oper:.»«func:parse»«bracket:(»«str:'https://api.example.com/users'»«bracket:)»«bracket:)»;
  «kwd:if» «bracket:(»response«oper:.»statusCode «oper:!=» «num:200»«bracket:)» «bracket:{»
    «kwd:throw» «func:HttpException»«bracket:(»«str:'failed with »«var:\${»response«oper:.»statusCode«var:}»«str:'»«bracket:)»;
  «bracket:}»
  «kwd:return» «bracket:(»«func:jsonDecode»«bracket:(»response«oper:.»body«bracket:)» «kwd:as» «class:List»«bracket:)»«oper:.»«func:map»«bracket:(»«class:User»«oper:.»fromJson«bracket:)»«oper:.»«func:toList»«bracket:(»«bracket:)»;
«bracket:}»

«class:Stream»«oper:<»«type:int»«oper:>» «func:countdown»«bracket:(»«type:int» from«bracket:)» «kwd:async*» «bracket:{»
  «kwd:for» «bracket:(»«kwd:var» i «oper:=» from; i «oper:>» «num:0»; i«oper:--»«bracket:)» «bracket:{»
    «kwd:await» «class:Future»«oper:<»«kwd:void»«oper:>.»«func:delayed»«bracket:(»«kwd:const» «func:Duration»«bracket:(»seconds«oper::» «num:1»«bracket:)»«bracket:)»;
    «kwd:yield» i;
  «bracket:}»
«bracket:}»"
`;

exports[`dart > tokens > cascades 1`] = `
"«kwd:final» paint «oper:=» «func:Paint»«bracket:(»«bracket:)»
  «oper:..»color «oper:=» «class:Colors»«oper:.»red
  «oper:..»strokeWidth «oper:=» «num:2.0»
  «oper:..»style «oper:=» «class:PaintingStyle»«oper:.»stroke;

«kwd:final» buffer «oper:=» «func:StringBuffer»«bracket:(»«bracket:)»«oper:..»«func:write»«bracket:(»«str:'a'»«bracket:)»«oper:..»«func:writeln»«bracket:(»«str:'b'»«bracket:)»;"
`;

exports[`dart > tokens > classes 1`] = `
"«kwd:class» «class:User» «bracket:{»
  «func:User»«bracket:(»«kwd:this»«oper:.»id«oper:,» «kwd:this»«oper:.»name«bracket:)»;

  «class:User»«oper:.»«func:anonymous»«bracket:(»«bracket:)» «oper::» id «oper:=» «num:0»«oper:,» name «oper:=» «str:'anonymous'»;

  «kwd:factory» «class:User»«oper:.»«func:fromJson»«bracket:(»«class:Map»«oper:<»«class:String»«oper:,» «kwd:dynamic»«oper:>» json«bracket:)» «oper:=>»
      «func:User»«bracket:(»json«bracket:[»«str:'id'»«bracket:]» «kwd:as» «type:int»«oper:,» json«bracket:[»«str:'name'»«bracket:]» «kwd:as» «class:String»«bracket:)»;

  «kwd:final» «type:int» id;
  «kwd:final» «class:String» name;

  «class:String» «kwd:get» initials «oper:=>» name«oper:.»«func:split»«bracket:(»«str:' '»«bracket:)»«oper:.»«func:map»«bracket:(»«bracket:(»p«bracket:)» «oper:=>» p«bracket:[»«num:0»«bracket:]»«bracket:)»«oper:.»«func:join»«bracket:(»«bracket:)»;

  «type:bool» «kwd:operator» «oper:==»«bracket:(»«class:Object» other«bracket:)» «oper:=>» other «kwd:is» «class:User» «oper:&&» other«oper:.»id «oper:==» id;

  «var:@override»
  «type:int» «kwd:get» hashCode «oper:=>» id«oper:.»hashCode;
«bracket:}»"
`;

exports[`dart > tokens > comments 1`] = `
"«cmnt:/// Greets a user by name.
»«cmnt:///
»«cmnt:/// See also »«class:[Text]»«cmnt:, »«class:[Widget.build]»«cmnt: and »«err:TODO»«cmnt:: the builder variant.
»«cmnt:/** A legacy doc block, kept for »«class:[Greeting]»«cmnt:. */»
«cmnt:// A plain line comment.
»«cmnt:/* a block comment /* nested one level */ still a comment */»
«cmnt:// »«err:FIXME»«cmnt:: replace with a builder»"
`;

exports[`dart > tokens > controlFlow 1`] = `
"«kwd:void» «func:run»«bracket:(»«class:List»«oper:<»«class:String»«oper:>» args«bracket:)» «bracket:{»
  «kwd:try» «bracket:{»
    «kwd:for» «bracket:(»«kwd:final» arg «kwd:in» args«bracket:)» «bracket:{»
      «kwd:if» «bracket:(»arg «oper:==» «str:'--help'»«bracket:)» «bracket:{»
        «kwd:continue»;
      «bracket:}» «kwd:else» «kwd:if» «bracket:(»arg«oper:.»«func:startsWith»«bracket:(»«str:'-'»«bracket:)»«bracket:)» «bracket:{»
        «kwd:throw» «class:ArgumentError»«oper:.»«func:value»«bracket:(»arg«bracket:)»;
      «bracket:}»
      «kwd:switch» «bracket:(»arg«bracket:)» «bracket:{»
        «kwd:case» «str:'build'»«oper::»
        «kwd:case» «str:'test'»«oper::»
          «kwd:break»;
        «kwd:default»«oper::»
          «kwd:rethrow»;
      «bracket:}»
    «bracket:}»
  «bracket:}» «kwd:on» «class:StateError» «kwd:catch» «bracket:(»e«oper:,» stack«bracket:)» «bracket:{»
    «func:print»«bracket:(»«str:'»«var:$e»«esc:\\n»«var:$stack»«str:'»«bracket:)»;
  «bracket:}» «kwd:finally» «bracket:{»
    done «oper:=» «bool:true»;
  «bracket:}»
«bracket:}»"
`;

exports[`dart > tokens > directives 1`] = `
"«kwd:library» app«oper:.»main;

«kwd:import» «str:'dart:async'»;
«kwd:import» «str:'dart:math'» «kwd:as» math «kwd:show» max;
«kwd:import» «str:'package:flutter/material.dart'»;
«kwd:import» «str:'package:http/http.dart'» «kwd:as» http «kwd:show» «class:Client»«oper:,» «class:Response»;
«kwd:import» «str:'widgets/button.dart'» «kwd:hide» «class:Internal»;
«kwd:import» «str:'heavy.dart'» «kwd:deferred» «kwd:as» heavy;
«kwd:export» «str:'src/api.dart'» «kwd:show» «class:Api»;
«kwd:part» «str:'app.g.dart'»;"
`;

exports[`dart > tokens > interpolation 1`] = `
"«kwd:final» greeting «oper:=» «str:'Hi »«var:$name»«str:, you have »«var:\${»cart«oper:.»items«oper:.»length«var:}»«str: item(s)'»;
«kwd:final» total «oper:=» «str:"Total: »«esc:\\$»«var:\${»amount«oper:.»«func:toStringAsFixed»«bracket:(»«num:2»«bracket:)»«var:}»«str:"»;
«kwd:final» header «oper:=» «str:'»«var:\${»user«oper:.»name«oper:.»«func:toUpperCase»«bracket:(»«bracket:)»«var:}»«str: <»«var:\${»user«oper:.»email«var:}»«str:>'»;
«kwd:final» list «oper:=» «str:'items: »«var:\${»names«oper:.»«func:map»«bracket:(»«bracket:(»n«bracket:)» «oper:=>» n«oper:.»«func:trim»«bracket:(»«bracket:)»«bracket:)»«oper:.»«func:join»«bracket:(»«str:', '»«bracket:)»«var:}»«str:'»;
«kwd:final» map «oper:=» «str:"point »«var:\${{»«str:'x'»«oper::» «num:1»«oper:,» «str:'y'»«oper::» «num:2»«bracket:}»«var:}»«str:"»;"
`;

exports[`dart > tokens > mixins 1`] = `
"«kwd:mixin» «class:Logger» «kwd:on» «class:Object» «bracket:{»
  «kwd:void» «func:log»«bracket:(»«class:String» message«bracket:)» «oper:=>» «func:print»«bracket:(»«str:'[»«var:$runtimeType»«str:] »«var:$message»«str:'»«bracket:)»;
«bracket:}»

«kwd:abstract» «kwd:base» «kwd:class» «class:Repository»«oper:<»«class:T»«oper:>» «kwd:with» «class:Logger» «bracket:{»
  «class:Future»«oper:<»«class:T»«oper:?>» «func:find»«bracket:(»«class:String» id«bracket:)»;
«bracket:}»

«kwd:extension» «class:StringX» «kwd:on» «class:String» «bracket:{»
  «type:bool» «kwd:get» isBlank «oper:=>» «func:trim»«bracket:(»«bracket:)»«oper:.»isEmpty;
«bracket:}»

«kwd:sealed» «kwd:class» «class:Shape» «bracket:{»«bracket:}»

«kwd:enum» «class:Status» «bracket:{»
  idle«oper:,»
  «func:running»«bracket:(»«str:'running now'»«bracket:)»«oper:,»
  done;

  «kwd:const» «func:Status»«bracket:(»«bracket:[»«kwd:this»«oper:.»label «oper:=» «str:''»«bracket:]»«bracket:)»;
  «kwd:final» «class:String» label;
«bracket:}»"
`;

exports[`dart > tokens > nullSafety 1`] = `
"«class:String» «func:describe»«bracket:(»«class:User»«oper:?» user«oper:,» «class:Map»«oper:<»«class:String»«oper:,» «type:int»«oper:>?» cache«bracket:)» «bracket:{»
  «kwd:final» name «oper:=» user«oper:?.»name «oper:??» «str:'unknown'»;
  «kwd:late» «kwd:final» «type:int» length;
  length «oper:=» name«oper:.»length;
  cache «oper:??=» «oper:<»«class:String»«oper:,» «type:int»«oper:>»«bracket:{»«bracket:}»;
  cache«oper:!»«bracket:[»name«bracket:]» «oper:=» length;
  «kwd:assert»«bracket:(»«oper:!»name«oper:.»isEmpty«oper:,» «str:'name must not be empty'»«bracket:)»;
  «kwd:return» «kwd:switch» «bracket:(»user«bracket:)» «bracket:{»
    «func:User»«bracket:(»id«oper::» «num:0»«bracket:)» «oper:=>» «str:'anonymous'»«oper:,»
    _ «kwd:when» length «oper:>» «num:8» «oper:=>» «str:'a long name'»«oper:,»
    _ «oper:=>» name«oper:,»
  «bracket:}»;
«bracket:}»"
`;

exports[`dart > tokens > numbers 1`] = `
"«kwd:const» «type:int» answer «oper:=» «num:42»;
«kwd:const» «type:int» mask «oper:=» «num:0xDEADBEEF»;
«kwd:const» «type:int» population «oper:=» «num:1_000_000»;
«kwd:const» «type:double» pi «oper:=» «num:3.14159»;
«kwd:const» «type:double» charge «oper:=» «num:1.6e-19»;
«kwd:const» «type:double» avogadro «oper:=» «num:6.022e+23»;
«kwd:const» «type:num» ratio «oper:=» «num:0.5»;"
`;

exports[`dart > tokens > rawStrings 1`] = `
"«kwd:final» path «oper:=» «str:r'C:\\Users\\ada\\notes.txt'»;
«kwd:final» digits «oper:=» «func:RegExp»«bracket:(»«str:r'^\\d{3}-\\d{4}$'»«bracket:)»;
«kwd:const» template «oper:=» «str:r"""no \${interpolation} and no \\escapes here"""»;"
`;

exports[`dart > tokens > strings 1`] = `
"«kwd:final» name «oper:=» «str:'Ada'»;
«kwd:final» greeting «oper:=» «str:"Hello, world"»;
«kwd:final» apostrophe «oper:=» «str:'It»«esc:\\'»«str:s here'»;
«kwd:final» escaped «oper:=» «str:"a »«esc:\\"»«str:quoted»«esc:\\"»«str: »«esc:\\u2764»«esc:\\t»«str:value»«esc:\\n»«str:"»;
«kwd:final» joined «oper:=» «str:'one '» «str:'two'»;"
`;

exports[`dart > tokens > tripleQuoted 1`] = `
"«kwd:const» usage «oper:=» «str:'''
Usage: tool <command>
  -h, --help    Show this text
'''»;

«kwd:const» markup «oper:=» «str:"""<a href="/docs">the docs</a>"""»;"
`;

exports[`dart > tokens > widget 1`] = `
"«kwd:class» «class:Greeting» «kwd:extends» «class:StatelessWidget» «bracket:{»
  «kwd:const» «func:Greeting»«bracket:(»«bracket:{»«kwd:super»«oper:.»key«oper:,» «kwd:required» «kwd:this»«oper:.»name«oper:,» «kwd:this»«oper:.»color «oper:=» «class:Colors»«oper:.»blue«bracket:}»«bracket:)»;

  «kwd:final» «class:String» name;
  «kwd:final» «class:Color»«oper:?» color;

  «var:@override»
  «class:Widget» «func:build»«bracket:(»«class:BuildContext» context«bracket:)» «bracket:{»
    «kwd:return» «func:Padding»«bracket:(»
      padding«oper::» «kwd:const» «class:EdgeInsets»«oper:.»«func:all»«bracket:(»«num:8.0»«bracket:)»«oper:,»
      child«oper::» «func:Text»«bracket:(»
        «str:'Hello, »«var:$name»«str:!'»«oper:,»
        style«oper::» «func:TextStyle»«bracket:(»color«oper::» color«oper:,» fontSize«oper::» «num:16»«bracket:)»«oper:,»
      «bracket:)»«oper:,»
    «bracket:)»;
  «bracket:}»
«bracket:}»"
`;
