// Vitest Snapshot v1, https://vitest.dev/guide/snapshot.html

exports[`graphql > tokens > block string edges 1`] = `
"«str:"""Contains "quotes" and # hashes"""»
«kwd:scalar» «type:X»

«str:""""""»
«kwd:input» «type:Y» «bracket:{»
  «var:z»«oper::» «type:Int»
«bracket:}»"
`;

exports[`graphql > tokens > block strings 1`] = `
"«str:"""
A block description
spanning lines
"""»
«kwd:type» «type:User» «bracket:{»
  «str:"""The unique id"""»
  «var:id»«oper::» «type:ID»«oper:!»
«bracket:}»"
`;

exports[`graphql > tokens > booleans and null 1`] = `"«bracket:{» «var:nodes»«bracket:(»«var:withDeleted»«oper::» «bool:true», «var:archived»«oper::» «bool:false», «var:cursor»«oper::» «bool:null»«bracket:)» «bracket:{» «var:id» «bracket:}» «bracket:}»"`;

exports[`graphql > tokens > comments 1`] = `
"«cmnt:# a comment»
«bracket:{» «var:hero» «bracket:}» «cmnt:# »«err:TODO»«cmnt:: paginate»"
`;

exports[`graphql > tokens > descriptions 1`] = `
"«str:"Short description"»
«kwd:type» «type:Query» «bracket:{»
  «str:"the current user"»
  «var:me»«oper::» «type:User»
«bracket:}»"
`;

exports[`graphql > tokens > directives 1`] = `"«kwd:directive» «func:@cache»«bracket:(»«var:ttl»«oper::» «type:Int»«bracket:)» «kwd:repeatable» «kwd:on» «type:FIELD_DEFINITION» «oper:|» «type:OBJECT»"`;

exports[`graphql > tokens > escaped triple quote 1`] = `
"«str:"""He said \\""" out loud"""»
«kwd:scalar» «type:Loud»"
`;

exports[`graphql > tokens > escapes 1`] = `"«bracket:{» «var:f»«bracket:(»«var:a»«oper::» «str:"tab\\there"», «var:b»«oper::» «str:"\\u00e9"», «var:c»«oper::» «str:"back\\\\slash"»«bracket:)» «bracket:}»"`;

exports[`graphql > tokens > hashes and quotes 1`] = `
"«cmnt:# a comment with a "quote»
«bracket:{» «var:search»«bracket:(»«var:q»«oper::» «str:"a # b"»«bracket:)» «bracket:}»"
`;

exports[`graphql > tokens > numbers 1`] = `"«bracket:{» «var:items»«bracket:(»«var:first»«oper::» «num:10», «var:ratio»«oper::» «num:1.5», «var:offset»«oper::» «oper:-»«num:3», «var:big»«oper::» «num:1e6»«bracket:)» «bracket:{» «var:id» «bracket:}» «bracket:}»"`;

exports[`graphql > tokens > operations 1`] = `
"«kwd:query» «type:GetUser»«bracket:(»«var:$id»«oper::» «type:ID»«oper:!», «var:$skip»«oper::» «type:Boolean» «oper:=» «bool:false»«bracket:)» «bracket:{»
  «var:user»«bracket:(»«var:id»«oper::» «var:$id»«bracket:)» «bracket:{»
    «oper:...»«type:UserFields»
    «var:friends» «func:@include»«bracket:(»«var:if»«oper::» «var:$skip»«bracket:)» «bracket:{»
      «var:name»
    «bracket:}»
  «bracket:}»
«bracket:}»

«kwd:mutation» «bracket:{» «var:like» «bracket:}»

«kwd:subscription» «bracket:{» «var:events» «bracket:}»

«kwd:fragment» «type:UserFields» «kwd:on» «type:User» «bracket:{»
  «var:id»
  «var:name»
«bracket:}»"
`;

exports[`graphql > tokens > schema 1`] = `
"«kwd:schema» «bracket:{»
  «kwd:query»«oper::» «type:Query»
«bracket:}»

«kwd:scalar» «type:DateTime»

«kwd:interface» «type:Node» «bracket:{»
  «var:id»«oper::» «type:ID»«oper:!»
«bracket:}»

«kwd:type» «type:User» «kwd:implements» «type:Node» «oper:&» «type:Entity» «bracket:{»
  «var:id»«oper::» «type:ID»«oper:!»
  «var:tags»«oper::» «bracket:[»«type:String»«oper:!»«bracket:]»«oper:!»
«bracket:}»

«kwd:input» «type:Filter» «bracket:{»
  «var:limit»«oper::» «type:Int» «oper:=» «num:10»
«bracket:}»

«kwd:union» «type:Result» «oper:=» «type:User» «oper:|» «type:Error»

«kwd:enum» «type:Role» «bracket:{»
  «type:ADMIN»
  «type:GUEST»
«bracket:}»

«kwd:extend» «kwd:type» «type:User» «bracket:{»
  «var:role»«oper::» «type:Role»
«bracket:}»"
`;

exports[`graphql > tokens > strings 1`] = `"«bracket:{» «var:user»«bracket:(»«var:name»«oper::» «str:"ada"», «var:note»«oper::» «str:"say \\"hi\\""»«bracket:)» «bracket:{» «var:id» «bracket:}» «bracket:}»"`;

exports[`graphql tokens block string edges 1`] = `
"«str:"""Contains "quotes" and # hashes"""»
«kwd:scalar» «type:X»

«str:""""""»
«kwd:input» «type:Y» «bracket:{»
  «var:z»«oper::» «type:Int»
«bracket:}»"
`;

exports[`graphql tokens block strings 1`] = `
"«str:"""
A block description
spanning lines
"""»
«kwd:type» «type:User» «bracket:{»
  «str:"""The unique id"""»
  «var:id»«oper::» «type:ID»«oper:!»
«bracket:}»"
`;

exports[`graphql tokens booleans and null 1`] = `"«bracket:{» «var:nodes»«bracket:(»«var:withDeleted»«oper::» «bool:true», «var:archived»«oper::» «bool:false», «var:cursor»«oper::» «bool:null»«bracket:)» «bracket:{» «var:id» «bracket:}» «bracket:}»"`;

exports[`graphql tokens comments 1`] = `
"«cmnt:# a comment»
«bracket:{» «var:hero» «bracket:}» «cmnt:# »«err:TODO»«cmnt:: paginate»"
`;

exports[`graphql tokens descriptions 1`] = `
"«str:"Short description"»
«kwd:type» «type:Query» «bracket:{»
  «str:"the current user"»
  «var:me»«oper::» «type:User»
«bracket:}»"
`;

exports[`graphql tokens directives 1`] = `"«kwd:directive» «func:@cache»«bracket:(»«var:ttl»«oper::» «type:Int»«bracket:)» «kwd:repeatable» «kwd:on» «type:FIELD_DEFINITION» «oper:|» «type:OBJECT»"`;

exports[`graphql tokens escaped triple quote 1`] = `
"«str:"""He said \\""" out loud"""»
«kwd:scalar» «type:Loud»"
`;

exports[`graphql tokens escapes 1`] = `"«bracket:{» «var:f»«bracket:(»«var:a»«oper::» «str:"tab\\there"», «var:b»«oper::» «str:"\\u00e9"», «var:c»«oper::» «str:"back\\\\slash"»«bracket:)» «bracket:}»"`;

exports[`graphql tokens hashes and quotes 1`] = `
"«cmnt:# a comment with a "quote»
«bracket:{» «var:search»«bracket:(»«var:q»«oper::» «str:"a # b"»«bracket:)» «bracket:}»"
`;

exports[`graphql tokens numbers 1`] = `"«bracket:{» «var:items»«bracket:(»«var:first»«oper::» «num:10», «var:ratio»«oper::» «num:1.5», «var:offset»«oper::» «oper:-»«num:3», «var:big»«oper::» «num:1e6»«bracket:)» «bracket:{» «var:id» «bracket:}» «bracket:}»"`;

exports[`graphql tokens operations 1`] = `
"«kwd:query» «type:GetUser»«bracket:(»«var:$id»«oper::» «type:ID»«oper:!», «var:$skip»«oper::» «type:Boolean» «oper:=» «bool:false»«bracket:)» «bracket:{»
  «var:user»«bracket:(»«var:id»«oper::» «var:$id»«bracket:)» «bracket:{»
    «oper:...»«type:UserFields»
    «var:friends» «func:@include»«bracket:(»«var:if»«oper::» «var:$skip»«bracket:)» «bracket:{»
      «var:name»
    «bracket:}»
  «bracket:}»
«bracket:}»

«kwd:mutation» «bracket:{» «var:like» «bracket:}»

«kwd:subscription» «bracket:{» «var:events» «bracket:}»

«kwd:fragment» «type:UserFields» «kwd:on» «type:User» «bracket:{»
  «var:id»
  «var:name»
«bracket:}»"
`;

exports[`graphql tokens schema 1`] = `
"«kwd:schema» «bracket:{»
  «kwd:query»«oper::» «type:Query»
«bracket:}»

«kwd:scalar» «type:DateTime»

«kwd:interface» «type:Node» «bracket:{»
  «var:id»«oper::» «type:ID»«oper:!»
«bracket:}»

«kwd:type» «type:User» «kwd:implements» «type:Node» «oper:&» «type:Entity» «bracket:{»
  «var:id»«oper::» «type:ID»«oper:!»
  «var:tags»«oper::» «bracket:[»«type:String»«oper:!»«bracket:]»«oper:!»
«bracket:}»

«kwd:input» «type:Filter» «bracket:{»
  «var:limit»«oper::» «type:Int» «oper:=» «num:10»
«bracket:}»

«kwd:union» «type:Result» «oper:=» «type:User» «oper:|» «type:Error»

«kwd:enum» «type:Role» «bracket:{»
  «type:ADMIN»
  «type:GUEST»
«bracket:}»

«kwd:extend» «kwd:type» «type:User» «bracket:{»
  «var:role»«oper::» «type:Role»
«bracket:}»"
`;

exports[`graphql tokens strings 1`] = `"«bracket:{» «var:user»«bracket:(»«var:name»«oper::» «str:"ada"», «var:note»«oper::» «str:"say \\"hi\\""»«bracket:)» «bracket:{» «var:id» «bracket:}» «bracket:}»"`;
