// Vitest Snapshot v1, https://vitest.dev/guide/snapshot.html

exports[`js > tokens > booleans 1`] = `"«bool:true» «bool:false» «num:null» «num:undefined»"`;

exports[`js > tokens > comments 1`] = `
"«cmnt:// line
»«cmnt:/* block
spanning */»
«cmnt:/** jsdoc »«class:{@link a}»«cmnt: */»"
`;

exports[`js > tokens > jsdoc 1`] = `
"«cmnt:/**
 * »«kwd:@param»«cmnt: »«class:{string}»«cmnt: a - the a
 * »«kwd:@returns»«cmnt: »«class:{Promise<void>}»«cmnt: nothing
 * »«err:TODO»«cmnt:: document b
 */»
«kwd:function» «func:f»«bracket:(»a«bracket:)» «bracket:{»«bracket:}»"
`;

exports[`js > tokens > keywords 1`] = `
"«kwd:export» «kwd:default» «kwd:class» «num:A» «kwd:extends» «num:B» «bracket:{»
  «kwd:static» #x «oper:=» «num:1»;
  «kwd:async» «oper:*»«func:gen»«bracket:(»«bracket:)» «bracket:{»
    «kwd:await» «kwd:new» «class:Promise»«bracket:(»«bracket:(»r«bracket:)» «kwd:=>» r«bracket:)»;
    «kwd:yield»«oper:*» other;
  «bracket:}»
«bracket:}»"
`;

exports[`js > tokens > numbers 1`] = `"«num:0» «num:42» «num:3.14» «num:.5» «num:1e-9» «num:0xff» «num:0b101» «num:0o17» «num:1_000» 42n"`;

exports[`js > tokens > object keys 1`] = `"«kwd:const» o «oper:=» «bracket:{» a«oper::» «num:1»«oper:,» "b-c"«oper::» «num:2»«oper:,» «bracket:[»d«bracket:]»«oper::» «num:3» «bracket:}»;"`;

exports[`js > tokens > operators 1`] = `
"a «oper:??=» b«oper:?.»c «oper:??» d;
x «oper:=» y «oper:===» z «oper:?» «num:1» «oper::» «num:2»;
i«oper:++,» «oper:--»j;
a «oper:||=» b «oper:&&=» c;"
`;

exports[`js > tokens > regex 1`] = `
"«kwd:const» re «oper:=» «oper:/»«kwd:^»«oper:a"b»«num:[^c]»«var:+»«kwd:$»«oper:/»«kwd:gi»;
«kwd:const» div «oper:=» a «oper:/ b /» c;"
`;

exports[`js > tokens > strings 1`] = `"«str:"double"» «str:'single'» «str:"esc\\"aped"» «str:'a\\nb'»"`;

exports[`js > tokens > template literals 1`] = `"«str:\`plain\`» «str:\`a »«kwd:\${»b «oper:+» «num:1»«kwd:}»«str: c\`» «str:\`nested »«kwd:\${»\`$«bracket:{»x«bracket:}»«str:\`} end\`»"`;
