// Vitest Snapshot v1, https://vitest.dev/guide/snapshot.html

exports[`json > tokens > booleans 1`] = `"{ «var:"yes"»: «bool:true», «var:"no"»: «bool:false», «var:"nothing"»: «num:null» }"`;

exports[`json > tokens > escapes 1`] = `"{ «var:"quote"»: «str:"a \\" b"», «var:"unicode"»: «str:"\\u00e9"» }"`;

exports[`json > tokens > nested 1`] = `
"{
  «var:"list"»: [«num:1», «str:"two"», { «var:"a"»: «bool:true» }],
  «var:"empty"»: {}
}"
`;

exports[`json > tokens > numbers 1`] = `"{ «var:"int"»: «num:42», «var:"float"»: «num:3.14», «var:"exp"»: «num:1e-9», «var:"negative"»: -«num:1» }"`;

exports[`json > tokens > object 1`] = `
"{
  «var:"name"»: «str:"app"»,
  «var:"version"»: «str:"1.0.0"»
}"
`;
