// Vitest Snapshot v1, https://vitest.dev/guide/snapshot.html

exports[`jsx > tokens > attributes 1`] = `"«oper:<»«var:Widget» «oper:{»«oper:...»props«oper:}» «class:data-id»«oper:={»id«oper:}» «class:aria-label»«oper:=»«str:"save &amp; exit"» «class:hidden»«oper:={»«bool:false»«oper:}» «class:style»«oper:={»{ color«oper::» «str:"red"» }«oper:}» «oper:/>»"`;

exports[`jsx > tokens > comments 1`] = `
"«cmnt:// setup
»«cmnt:/* legacy »«err:TODO»«cmnt:: drop */»
«kwd:const» el «oper:=» «oper:<»«var:nav»«oper:>»«oper:{»«cmnt:/* links */»«oper:}»«oper:</»«var:nav»«oper:>»;"
`;

exports[`jsx > tokens > component 1`] = `
"«kwd:import» «class:React»«oper:,» { useState } «kwd:from» «str:"react"»;

«kwd:export» «kwd:function» «class:Counter»({ start }) {
  «kwd:const» [count«oper:,» setCount] «oper:=» «func:useState»(start «oper:??» «num:0»);
  «kwd:return» (
    «oper:<»«var:div» «class:className»«oper:=»«str:"counter"» «class:id»«oper:=»«str:"main"»«oper:>»
      «oper:<»«var:h1»«oper:>»Count: «oper:{»count«oper:}»«oper:</»«var:h1»«oper:>»
      «oper:<»«var:button» «class:onClick»«oper:={»() «kwd:=>» «func:setCount»(count «oper:+» «num:1»)«oper:}» «class:disabled»«oper:={»count «oper:>=» «num:10»«oper:}»«oper:>»
        increment
      «oper:</»«var:button»«oper:>»
    «oper:</»«var:div»«oper:>»
  );
}"
`;

exports[`jsx > tokens > fragments and conditionals 1`] = `
"«kwd:const» view «oper:=» (
  «oper:<»«oper:>»
    «oper:{»loading «oper:?» «oper:<»«var:Spinner» «class:size»«oper:={»«num:24»«oper:}» «oper:/>» «oper::» «num:null»«oper:}»
    «oper:{»error «oper:&&» «oper:<»«var:p» «class:className»«oper:=»«str:"err"»«oper:>»«oper:{»error«oper:.»message«oper:}»«oper:</»«var:p»«oper:>»«oper:}»
    «oper:<»«var:em»«oper:>»«oper:{»«str:\`»«kwd:\${»items«oper:.»length«kwd:}»«str: left\`»«oper:}»«oper:</»«var:em»«oper:>»
  «oper:</»«oper:>»
);"
`;

exports[`jsx > tokens > nested elements 1`] = `
"«kwd:export» «kwd:const» «class:Page» «oper:=» () «kwd:=>» (
  «oper:<»«var:section» «class:id»«oper:=»«str:"page"»«oper:>»
    «oper:<»«var:div» «class:className»«oper:=»«str:"outer"»«oper:>»
      «oper:<»«var:div» «class:className»«oper:=»«str:"inner"»«oper:>»deep«oper:</»«var:div»«oper:>»
      «oper:<»«var:hr» «oper:/>»
      tail
    «oper:</»«var:div»«oper:>»
  «oper:</»«var:section»«oper:>»
);"
`;

exports[`jsx > tokens > same tag nested at top level 1`] = `"«kwd:const» twin «oper:=» «oper:<»«var:div»«oper:>»«oper:<»«var:div»«oper:>»deep«oper:</»«var:div»«oper:>» tail«oper:</»«var:div»«oper:>»;"`;

exports[`jsx > tokens > text children 1`] = `"«oper:<»«var:p»«oper:>»it's five «var:&lt;» ten «var:&amp;» fine «oper:{»«str:"—"»«oper:}» ok«oper:</»«var:p»«oper:>»"`;
