// Vitest Snapshot v1, https://vitest.dev/guide/snapshot.html

exports[`jsx > tokens > attributes 1`] = `"«oper:<»«var:Widget» «bracket:{»«oper:...»props«bracket:}» «class:data-id»«oper:=»«bracket:{»id«bracket:}» «class:aria-label»«oper:=»«str:"save &amp; exit"» «class:hidden»«oper:=»«bracket:{»«bool:false»«bracket:}» «class:style»«oper:=»«bracket:{»«bracket:{» color«oper::» «str:"red"» «bracket:}»«bracket:}» «oper:/>»"`;

exports[`jsx > tokens > comments 1`] = `
"«cmnt:// setup
»«cmnt:/* legacy »«err:TODO»«cmnt:: drop */»
«kwd:const» el «oper:=» «oper:<»«var:nav»«oper:>»«bracket:{»«cmnt:/* links */»«bracket:}»«oper:</»«var:nav»«oper:>»;"
`;

exports[`jsx > tokens > component 1`] = `
"«kwd:import» «class:React»«oper:,» «bracket:{» useState «bracket:}» «kwd:from» «str:"react"»;

«kwd:export» «kwd:function» «class:Counter»«bracket:(»«bracket:{» start «bracket:}»«bracket:)» «bracket:{»
  «kwd:const» «bracket:[»count«oper:,» setCount«bracket:]» «oper:=» «func:useState»«bracket:(»start «oper:??» «num:0»«bracket:)»;
  «kwd:return» «bracket:(»
    «oper:<»«var:div» «class:className»«oper:=»«str:"counter"» «class:id»«oper:=»«str:"main"»«oper:>»
      «oper:<»«var:h1»«oper:>»Count: «bracket:{»count«bracket:}»«oper:</»«var:h1»«oper:>»
      «oper:<»«var:button» «class:onClick»«oper:=»«bracket:{»«bracket:(»«bracket:)» «kwd:=>» «func:setCount»«bracket:(»count «oper:+» «num:1»«bracket:)»«bracket:}» «class:disabled»«oper:=»«bracket:{»count «oper:>=» «num:10»«bracket:}»«oper:>»
        increment
      «oper:</»«var:button»«oper:>»
    «oper:</»«var:div»«oper:>»
  «bracket:)»;
«bracket:}»"
`;

exports[`jsx > tokens > fragments and conditionals 1`] = `
"«kwd:const» view «oper:=» «bracket:(»
  «oper:<»«oper:>»
    «bracket:{»loading «oper:?» «oper:<»«var:Spinner» «class:size»«oper:=»«bracket:{»«num:24»«bracket:}» «oper:/>» «oper::» «num:null»«bracket:}»
    «bracket:{»error «oper:&&» «oper:<»«var:p» «class:className»«oper:=»«str:"err"»«oper:>»«bracket:{»error«oper:.»message«bracket:}»«oper:</»«var:p»«oper:>»«bracket:}»
    «oper:<»«var:em»«oper:>»«bracket:{»«str:\`»«kwd:\${»items«oper:.»length«kwd:}»«str: left\`»«bracket:}»«oper:</»«var:em»«oper:>»
  «oper:</»«oper:>»
«bracket:)»;"
`;

exports[`jsx > tokens > nested elements 1`] = `
"«kwd:export» «kwd:const» «class:Page» «oper:=» «bracket:(»«bracket:)» «kwd:=>» «bracket:(»
  «oper:<»«var:section» «class:id»«oper:=»«str:"page"»«oper:>»
    «oper:<»«var:div» «class:className»«oper:=»«str:"outer"»«oper:>»
      «oper:<»«var:div» «class:className»«oper:=»«str:"inner"»«oper:>»deep«oper:</»«var:div»«oper:>»
      «oper:<»«var:hr» «oper:/>»
      tail
    «oper:</»«var:div»«oper:>»
  «oper:</»«var:section»«oper:>»
«bracket:)»;"
`;

exports[`jsx > tokens > same tag nested at top level 1`] = `"«kwd:const» twin «oper:=» «oper:<»«var:div»«oper:>»«oper:<»«var:div»«oper:>»deep«oper:</»«var:div»«oper:>» tail«oper:</»«var:div»«oper:>»;"`;

exports[`jsx > tokens > text children 1`] = `"«oper:<»«var:p»«oper:>»it's five «var:&lt;» ten «var:&amp;» fine «bracket:{»«str:"—"»«bracket:}» ok«oper:</»«var:p»«oper:>»"`;
