// Vitest Snapshot v1, https://vitest.dev/guide/snapshot.html

exports[`kt > tokens > annotations 1`] = `
"«type:@file:JvmName»«bracket:(»«str:"Utils"»«bracket:)»
«type:@file:Suppress»«bracket:(»«str:"UNUSED"»«bracket:)»

«type:@Composable»
«kwd:fun» «func:Greeting»«bracket:(»«type:@StringRes» id«oper::» «class:Int»«oper:,» modifier«oper::» «class:Modifier» «oper:=» «class:Modifier»«bracket:)» «bracket:{»
  «func:Text»«bracket:(»text «oper:=» «func:stringResource»«bracket:(»id«bracket:)»«oper:,» modifier «oper:=» modifier«bracket:)»
«bracket:}»

«kwd:data» «kwd:class» «func:Dto»«bracket:(»«type:@field:Json»«bracket:(»name «oper:=» «str:"user_id"»«bracket:)» «kwd:val» userId«oper::» «class:Long»«bracket:)»"
`;

exports[`kt > tokens > classes and objects 1`] = `
"«kwd:class» «class:Repo» «kwd:internal» «kwd:constructor»«bracket:(»«kwd:private» «kwd:val» db«oper::» «class:Db»«bracket:)» «oper::» «class:Closeable» «kwd:by» «func:db» «bracket:{»
  «kwd:lateinit» «kwd:var» cache«oper::» «class:MutableMap»«oper:<»«class:String»«oper:,» «class:User»«oper:>»
  «kwd:val» logger«oper::» «class:Logger» «kwd:by» «func:lazy» «bracket:{» «class:Logger»«oper:.»«func:of»«bracket:(»«class:Repo»«oper:::»«kwd:class»«bracket:)» «bracket:}»

  «kwd:init» «bracket:{»
    cache «oper:=» «func:mutableMapOf»«bracket:(»«bracket:)»
  «bracket:}»

  «kwd:companion» «kwd:object» «class:Factory» «bracket:{»
    «kwd:const» «kwd:val» «class:VERSION» «oper:=» «num:3»

    «type:@JvmStatic»
    «kwd:fun» «func:create»«bracket:(»«bracket:)» «oper:=» «func:Repo»«bracket:(»«class:Db»«oper:.»«func:open»«bracket:(»«bracket:)»«bracket:)»
  «bracket:}»

  «kwd:override» «kwd:fun» «func:close»«bracket:(»«bracket:)» «oper:=» db«oper:.»«func:close»«bracket:(»«bracket:)»
«bracket:}»

«kwd:interface» «class:Store»«oper:<»«class:K»«oper:,» «class:V»«oper:>» «bracket:{»
  «kwd:operator» «kwd:fun» «kwd:get»«bracket:(»key«oper::» «class:K»«bracket:)»«oper::» «class:V»«oper:?»
  «kwd:fun» «func:put»«bracket:(»key«oper::» «class:K»«oper:,» value«oper::» «class:V»«bracket:)»
«bracket:}»"
`;

exports[`kt > tokens > comments 1`] = `
"«cmnt:// a line comment
»«cmnt:/* a block comment
   spanning lines */»
«cmnt:/* outer /* inner */ still outer */»
«cmnt:// »«err:TODO»«cmnt:: nested comments are a Kotlin thing»"
`;

exports[`kt > tokens > coroutines 1`] = `
"«kwd:suspend» «kwd:fun» «func:fetchAll»«bracket:(»ids«oper::» «class:List»«oper:<»«class:Int»«oper:>»«bracket:)»«oper::» «class:List»«oper:<»«class:User»«oper:>» «oper:=» «func:coroutineScope» «bracket:{»
  ids«oper:.»«func:map» «bracket:{» id «oper:->» «func:async»«bracket:(»«class:Dispatchers»«oper:.»«class:IO»«bracket:)» «bracket:{» api«oper:.»«func:fetch»«bracket:(»id«bracket:)» «bracket:}» «bracket:}»«oper:.»«func:awaitAll»«bracket:(»«bracket:)»
«bracket:}»

«type:@Throws»«bracket:(»«class:IOException»«oper:::»«kwd:class»«bracket:)»
«kwd:suspend» «kwd:fun» «func:load»«bracket:(»url«oper::» «class:String»«bracket:)»«oper::» «class:String» «oper:=» «func:withContext»«bracket:(»«class:Dispatchers»«oper:.»«class:IO»«bracket:)» «bracket:{»
  client«oper:.»«func:get»«bracket:(»url«bracket:)»«oper:.»«func:body»«bracket:(»«bracket:)»
«bracket:}»"
`;

exports[`kt > tokens > data classes 1`] = `
"«kwd:package» com«oper:.»example«oper:.»app

«kwd:import» kotlinx«oper:.»coroutines«oper:.»«class:Dispatchers»
«kwd:import» kotlinx«oper:.»coroutines«oper:.»withContext

«kwd:data» «kwd:class» «func:User»«bracket:(»«kwd:val» id«oper::» «class:Long»«oper:,» «kwd:val» name«oper::» «class:String»«oper:,» «kwd:val» email«oper::» «class:String»«oper:?» «oper:=» «bool:null»«bracket:)» «bracket:{»
  «kwd:val» initials«oper::» «class:String»
    «kwd:get»«bracket:(»«bracket:)» «oper:=» name«oper:.»«func:split»«bracket:(»«str:" "»«bracket:)»«oper:.»«func:map» «bracket:{» «var:it»«oper:.»«func:first»«bracket:(»«bracket:)» «bracket:}»«oper:.»«func:joinToString»«bracket:(»«str:""»«bracket:)»
«bracket:}»

«kwd:enum» «kwd:class» «class:Role» «bracket:{» «class:ADMIN»«oper:,» «class:EDITOR»«oper:,» «class:VIEWER» «bracket:}»

«kwd:typealias» «class:Users» «oper:=» «class:List»«oper:<»«class:User»«oper:>»"
`;

exports[`kt > tokens > extension functions 1`] = `
"«kwd:inline» «kwd:fun» «oper:<»«kwd:reified» «class:T» «oper::» «class:Any»«oper:>» «class:Bundle»«oper:.»«func:require»«bracket:(»key«oper::» «class:String»«bracket:)»«oper::» «class:T» «oper:=»
  «kwd:get»«bracket:(»key«bracket:)» «kwd:as»«oper:?» «class:T» «oper:?:» «func:error»«bracket:(»«str:"missing »«var:$key»«str:"»«bracket:)»

«kwd:infix» «kwd:fun» «class:Int»«oper:.»«func:clampTo»«bracket:(»range«oper::» «class:IntRange»«bracket:)»«oper::» «class:Int» «oper:=» «func:coerceIn»«bracket:(»range«bracket:)»

«kwd:fun» «oper:<»«class:T»«oper:>» «class:Iterable»«oper:<»«class:T»«oper:>.»«func:second»«bracket:(»«bracket:)»«oper::» «class:T» «kwd:where» «class:T» «oper::» «class:Comparable»«oper:<»«class:T»«oper:>» «oper:=» «func:sorted»«bracket:(»«bracket:)»«bracket:[»«num:1»«bracket:]»"
`;

exports[`kt > tokens > interpolation 1`] = `
"«kwd:val» greeting «oper:=» «str:"Hello, »«var:$name»«str:! You are »«var:\${»user«oper:.»age«var:}»«str: years old."»
«kwd:val» nested «oper:=» «str:"names: »«var:\${»people«oper:.»«func:map» «bracket:{» «var:it»«oper:.»name «bracket:}»«oper:.»«func:joinToString»«bracket:(»«bracket:)»«var:}»«str:"»
«kwd:val» indexed «oper:=» «str:"first = »«var:\${»list«bracket:[»«num:0»«bracket:]»«var:}»«str:, last = »«var:\${»list«bracket:[»list«oper:.»size «oper:-» «num:1»«bracket:]»«var:}»«str:"»"
`;

exports[`kt > tokens > kdoc 1`] = `
"«cmnt:/**
 * Sums »«var:[a]»«cmnt: and »«var:[b]»«cmnt:, saturating on overflow.
 *
 * »«kwd:@param»«cmnt: a the first addend
 * »«kwd:@param»«cmnt: b the second addend
 * »«kwd:@return»«cmnt: the sum, or [Int.MAX_VALUE]
 */»
«kwd:fun» «func:saturatingAdd»«bracket:(»a«oper::» «class:Int»«oper:,» b«oper::» «class:Int»«bracket:)»«oper::» «class:Int» «oper:=» a «oper:+» b"
`;

exports[`kt > tokens > lambdas and labels 1`] = `
"«kwd:val» «bracket:(»name«oper:,» age«bracket:)» «oper:=» person

users«oper:.»«func:forEach» «bracket:{» user «oper:->»
  «kwd:if» «bracket:(»user«oper:.»age «oper:<» «num:18»«bracket:)» «kwd:return»«var:@forEach»
  «func:println»«bracket:(»«str:"»«var:\${»user«oper:.»name«var:}»«str: is »«var:\${»user«oper:.»age«var:}»«str:"»«bracket:)»
«bracket:}»

«var:loop@» «kwd:for» «bracket:(»i «kwd:in» «num:1»«oper:..»«num:10»«bracket:)» «bracket:{»
  «kwd:for» «bracket:(»j «kwd:in» «num:1»«oper:..»«num:10»«bracket:)» «kwd:if» «bracket:(»i «oper:*» j «oper:>» «num:50»«bracket:)» «kwd:break»«var:@loop»
«bracket:}»

«kwd:val» short «oper:=» users«oper:.»«func:map» «bracket:{» «var:it»«oper:.»name «bracket:}»«oper:.»«func:filter» «bracket:{» «var:it»«oper:.»«func:isNotEmpty»«bracket:(»«bracket:)» «bracket:}»"
`;

exports[`kt > tokens > modifiers 1`] = `
"«kwd:public» «kwd:expect» «kwd:abstract» «kwd:class» «class:Platform» «bracket:{»
  «kwd:protected» «kwd:abstract» «kwd:val» name«oper::» «class:String»
«bracket:}»

«kwd:actual» «kwd:final» «kwd:class» «class:Jvm» «oper::» «func:Platform»«bracket:(»«bracket:)» «bracket:{»
  «kwd:actual» «kwd:override» «kwd:val» name«oper::» «class:String» «oper:=» «str:"jvm"»
    «kwd:get»«bracket:(»«bracket:)» «oper:=» «kwd:field»«oper:.»«func:uppercase»«bracket:(»«bracket:)»
«bracket:}»

«kwd:annotation» «kwd:class» «class:Marker»
«kwd:inner» «kwd:class» «func:Meters»«bracket:(»«kwd:val» v«oper::» «class:Double»«bracket:)»

«kwd:tailrec» «kwd:fun» «func:gcd»«bracket:(»a«oper::» «class:Int»«oper:,» b«oper::» «class:Int»«bracket:)»«oper::» «class:Int» «oper:=» «kwd:if» «bracket:(»b «oper:==» «num:0»«bracket:)» a «kwd:else» «func:gcd»«bracket:(»b«oper:,» a «oper:%» b«bracket:)»
«kwd:external» «kwd:fun» «func:native»«bracket:(»«kwd:vararg» args«oper::» «class:String»«bracket:)»«oper::» «class:Unit»
«kwd:inline» «kwd:fun» «func:wrap»«bracket:(»«kwd:noinline» f«oper::» «bracket:(»«bracket:)» «oper:->» «class:Unit»«oper:,» «kwd:crossinline» g«oper::» «bracket:(»«bracket:)» «oper:->» «class:Unit»«bracket:)» «oper:=» «func:f»«bracket:(»«bracket:)»"
`;

exports[`kt > tokens > nullability 1`] = `
"«kwd:fun» «func:find»«bracket:(»id«oper::» «class:Int»«bracket:)»«oper::» «class:User»«oper:?» «oper:=» users«bracket:[»id«bracket:]»

«kwd:val» len «oper:=» «func:find»«bracket:(»«num:1»«bracket:)»«oper:?.»name«oper:?.»length «oper:?:» «num:0»
«kwd:val» forced «oper:=» «func:find»«bracket:(»«num:2»«bracket:)»«oper:!!.»name
«kwd:val» cast «oper:=» «bracket:(»obj «kwd:as»«oper:?» «class:User»«bracket:)»«oper:?.»email«oper:.»«func:orEmpty»«bracket:(»«bracket:)»
«kwd:val» chained «oper:=» repo«oper:?.»cache«oper:?.»«func:get»«bracket:(»«str:"a"»«bracket:)»«oper:?.»«func:takeIf» «bracket:{» «var:it»«oper:.»id «oper:>» «num:0» «bracket:}»"
`;

exports[`kt > tokens > numbers 1`] = `
"«kwd:val» ints «oper:=» «func:listOf»«bracket:(»«num:0»«oper:,» «num:42»«oper:,» «num:1_000_000»«oper:,» «num:0xFF»«oper:,» «num:0b1010_1010»«bracket:)»
«kwd:val» longs «oper:=» «func:listOf»«bracket:(»«num:100L»«oper:,» «num:0xDEAD_BEEFL»«oper:,» «num:9_223_372_036_854_775_807L»«bracket:)»
«kwd:val» unsigned «oper:=» «func:listOf»«bracket:(»«num:7u»«oper:,» «num:42uL»«oper:,» «num:0xFFu»«bracket:)»
«kwd:val» floats «oper:=» «func:listOf»«bracket:(»«num:3.14f»«oper:,» «num:0.5F»«oper:,» «num:2.5e3»«oper:,» «num:1e-9»«oper:,» «num:6.022e23»«bracket:)»"
`;

exports[`kt > tokens > operators 1`] = `
"«kwd:for» «bracket:(»i «kwd:in» «num:10» «oper:downTo» «num:1» «oper:step» «num:3»«bracket:)» «func:print»«bracket:(»i«bracket:)»

«kwd:val» inRange «oper:=» x «kwd:in» «num:1»«oper:..»«num:100» «oper:&&» y «oper:!»«kwd:in» «func:setOf»«bracket:(»«num:0»«bracket:)»
«kwd:val» mask «oper:=» flags «oper:and» «num:0xF0» «oper:shl» «num:2» «oper:or» «num:1» «oper:xor» «num:3»
«kwd:val» pair «oper:=» «str:"a"» «oper:to» «num:1»
«kwd:val» eq «oper:=» a «oper:==» b «oper:&&» a «oper:!==» c
i«oper:++»
j«oper:--»
n «oper:+=» «num:2»"
`;

exports[`kt > tokens > raw strings 1`] = `
"«kwd:val» query «oper:=» «str:"""
  SELECT id, name
    FROM users
   WHERE name = '»«var:$name»«str:' AND age > »«var:\${»minAge «oper:+» «num:1»«var:}»«str:
"""»«oper:.»«func:trimIndent»«bracket:(»«bracket:)»

«kwd:val» literalDollar «oper:=» «str:"""price: »«var:\${»«str:'$'»«var:}»«str:9.99"""»"
`;

exports[`kt > tokens > sealed classes 1`] = `
"«kwd:sealed» «kwd:class» «class:Result»«oper:<»«kwd:out» «class:T»«oper:>» «bracket:{»
  «kwd:data» «kwd:class» «class:Success»«oper:<»«class:T»«oper:>»«bracket:(»«kwd:val» value«oper::» «class:T»«bracket:)» «oper::» «class:Result»«oper:<»«class:T»«oper:>»«bracket:(»«bracket:)»
  «kwd:data» «kwd:class» «func:Failure»«bracket:(»«kwd:val» error«oper::» «class:Throwable»«bracket:)» «oper::» «class:Result»«oper:<»«class:Nothing»«oper:>»«bracket:(»«bracket:)»
  «kwd:object» «class:Loading» «oper::» «class:Result»«oper:<»«class:Nothing»«oper:>»«bracket:(»«bracket:)»
«bracket:}»

«kwd:fun» «oper:<»«class:T»«oper:>» «class:Result»«oper:<»«class:T»«oper:>.»«func:orNull»«bracket:(»«bracket:)»«oper::» «class:T»«oper:?» «oper:=» «kwd:when» «bracket:(»«kwd:this»«bracket:)» «bracket:{»
  «kwd:is» «class:Result»«oper:.»«class:Success» «oper:->» value
  «kwd:is» «class:Result»«oper:.»«class:Failure» «oper:->» «bool:null»
  «kwd:else» «oper:->» «bool:null»
«bracket:}»"
`;

exports[`kt > tokens > strings 1`] = `
"«kwd:val» plain «oper:=» «str:"double quoted"»
«kwd:val» escaped «oper:=» «str:"he said »«esc:\\"»«str:hi»«esc:\\"»«esc:\\t»«str:and»«esc:\\n»«str:left"»
«kwd:val» dollar «oper:=» «str:"costs »«esc:\\$»«str:5, not »«esc:\\$»«str:name"»
«kwd:val» unicode «oper:=» «str:"»«esc:\\u00e9»«str:t»«esc:\\u00e9»«str:"»
«kwd:val» c «oper:=» «str:'x'»
«kwd:val» nl «oper:=» «str:'»«esc:\\n»«str:'»
«kwd:val» quote «oper:=» «str:'»«esc:\\'»«str:'»
«kwd:val» cp «oper:=» «str:'»«esc:\\u0041»«str:'»"
`;

exports[`kt tokens annotations 1`] = `
"«type:@file:JvmName»«bracket:(»«str:"Utils"»«bracket:)»
«type:@file:Suppress»«bracket:(»«str:"UNUSED"»«bracket:)»

«type:@Composable»
«kwd:fun» «func:Greeting»«bracket:(»«type:@StringRes» id«oper::» «class:Int»«oper:,» modifier«oper::» «class:Modifier» «oper:=» «class:Modifier»«bracket:)» «bracket:{»
  «func:Text»«bracket:(»text «oper:=» «func:stringResource»«bracket:(»id«bracket:)»«oper:,» modifier «oper:=» modifier«bracket:)»
«bracket:}»

«kwd:data» «kwd:class» «func:Dto»«bracket:(»«type:@field:Json»«bracket:(»name «oper:=» «str:"user_id"»«bracket:)» «kwd:val» userId«oper::» «class:Long»«bracket:)»"
`;

exports[`kt tokens classes and objects 1`] = `
"«kwd:class» «class:Repo» «kwd:internal» «kwd:constructor»«bracket:(»«kwd:private» «kwd:val» db«oper::» «class:Db»«bracket:)» «oper::» «class:Closeable» «kwd:by» «func:db» «bracket:{»
  «kwd:lateinit» «kwd:var» cache«oper::» «class:MutableMap»«oper:<»«class:String»«oper:,» «class:User»«oper:>»
  «kwd:val» logger«oper::» «class:Logger» «kwd:by» «func:lazy» «bracket:{» «class:Logger»«oper:.»«func:of»«bracket:(»«class:Repo»«oper:::»«kwd:class»«bracket:)» «bracket:}»

  «kwd:init» «bracket:{»
    cache «oper:=» «func:mutableMapOf»«bracket:(»«bracket:)»
  «bracket:}»

  «kwd:companion» «kwd:object» «class:Factory» «bracket:{»
    «kwd:const» «kwd:val» «class:VERSION» «oper:=» «num:3»

    «type:@JvmStatic»
    «kwd:fun» «func:create»«bracket:(»«bracket:)» «oper:=» «func:Repo»«bracket:(»«class:Db»«oper:.»«func:open»«bracket:(»«bracket:)»«bracket:)»
  «bracket:}»

  «kwd:override» «kwd:fun» «func:close»«bracket:(»«bracket:)» «oper:=» db«oper:.»«func:close»«bracket:(»«bracket:)»
«bracket:}»

«kwd:interface» «class:Store»«oper:<»«class:K»«oper:,» «class:V»«oper:>» «bracket:{»
  «kwd:operator» «kwd:fun» «kwd:get»«bracket:(»key«oper::» «class:K»«bracket:)»«oper::» «class:V»«oper:?»
  «kwd:fun» «func:put»«bracket:(»key«oper::» «class:K»«oper:,» value«oper::» «class:V»«bracket:)»
«bracket:}»"
`;

exports[`kt tokens comments 1`] = `
"«cmnt:// a line comment
»«cmnt:/* a block comment
   spanning lines */»
«cmnt:/* outer /* inner */ still outer */»
«cmnt:// »«err:TODO»«cmnt:: nested comments are a Kotlin thing»"
`;

exports[`kt tokens coroutines 1`] = `
"«kwd:suspend» «kwd:fun» «func:fetchAll»«bracket:(»ids«oper::» «class:List»«oper:<»«class:Int»«oper:>»«bracket:)»«oper::» «class:List»«oper:<»«class:User»«oper:>» «oper:=» «func:coroutineScope» «bracket:{»
  ids«oper:.»«func:map» «bracket:{» id «oper:->» «func:async»«bracket:(»«class:Dispatchers»«oper:.»«class:IO»«bracket:)» «bracket:{» api«oper:.»«func:fetch»«bracket:(»id«bracket:)» «bracket:}» «bracket:}»«oper:.»«func:awaitAll»«bracket:(»«bracket:)»
«bracket:}»

«type:@Throws»«bracket:(»«class:IOException»«oper:::»«kwd:class»«bracket:)»
«kwd:suspend» «kwd:fun» «func:load»«bracket:(»url«oper::» «class:String»«bracket:)»«oper::» «class:String» «oper:=» «func:withContext»«bracket:(»«class:Dispatchers»«oper:.»«class:IO»«bracket:)» «bracket:{»
  client«oper:.»«func:get»«bracket:(»url«bracket:)»«oper:.»«func:body»«bracket:(»«bracket:)»
«bracket:}»"
`;

exports[`kt tokens data classes 1`] = `
"«kwd:package» com«oper:.»example«oper:.»app

«kwd:import» kotlinx«oper:.»coroutines«oper:.»«class:Dispatchers»
«kwd:import» kotlinx«oper:.»coroutines«oper:.»withContext

«kwd:data» «kwd:class» «func:User»«bracket:(»«kwd:val» id«oper::» «class:Long»«oper:,» «kwd:val» name«oper::» «class:String»«oper:,» «kwd:val» email«oper::» «class:String»«oper:?» «oper:=» «bool:null»«bracket:)» «bracket:{»
  «kwd:val» initials«oper::» «class:String»
    «kwd:get»«bracket:(»«bracket:)» «oper:=» name«oper:.»«func:split»«bracket:(»«str:" "»«bracket:)»«oper:.»«func:map» «bracket:{» «var:it»«oper:.»«func:first»«bracket:(»«bracket:)» «bracket:}»«oper:.»«func:joinToString»«bracket:(»«str:""»«bracket:)»
«bracket:}»

«kwd:enum» «kwd:class» «class:Role» «bracket:{» «class:ADMIN»«oper:,» «class:EDITOR»«oper:,» «class:VIEWER» «bracket:}»

«kwd:typealias» «class:Users» «oper:=» «class:List»«oper:<»«class:User»«oper:>»"
`;

exports[`kt tokens extension functions 1`] = `
"«kwd:inline» «kwd:fun» «oper:<»«kwd:reified» «class:T» «oper::» «class:Any»«oper:>» «class:Bundle»«oper:.»«func:require»«bracket:(»key«oper::» «class:String»«bracket:)»«oper::» «class:T» «oper:=»
  «kwd:get»«bracket:(»key«bracket:)» «kwd:as»«oper:?» «class:T» «oper:?:» «func:error»«bracket:(»«str:"missing »«var:$key»«str:"»«bracket:)»

«kwd:infix» «kwd:fun» «class:Int»«oper:.»«func:clampTo»«bracket:(»range«oper::» «class:IntRange»«bracket:)»«oper::» «class:Int» «oper:=» «func:coerceIn»«bracket:(»range«bracket:)»

«kwd:fun» «oper:<»«class:T»«oper:>» «class:Iterable»«oper:<»«class:T»«oper:>.»«func:second»«bracket:(»«bracket:)»«oper::» «class:T» «kwd:where» «class:T» «oper::» «class:Comparable»«oper:<»«class:T»«oper:>» «oper:=» «func:sorted»«bracket:(»«bracket:)»«bracket:[»«num:1»«bracket:]»"
`;

exports[`kt tokens interpolation 1`] = `
"«kwd:val» greeting «oper:=» «str:"Hello, »«var:$name»«str:! You are »«var:\${»user«oper:.»age«var:}»«str: years old."»
«kwd:val» nested «oper:=» «str:"names: »«var:\${»people«oper:.»«func:map» «bracket:{» «var:it»«oper:.»name «bracket:}»«oper:.»«func:joinToString»«bracket:(»«bracket:)»«var:}»«str:"»
«kwd:val» indexed «oper:=» «str:"first = »«var:\${»list«bracket:[»«num:0»«bracket:]»«var:}»«str:, last = »«var:\${»list«bracket:[»list«oper:.»size «oper:-» «num:1»«bracket:]»«var:}»«str:"»"
`;

exports[`kt tokens kdoc 1`] = `
"«cmnt:/**
 * Sums »«var:[a]»«cmnt: and »«var:[b]»«cmnt:, saturating on overflow.
 *
 * »«kwd:@param»«cmnt: a the first addend
 * »«kwd:@param»«cmnt: b the second addend
 * »«kwd:@return»«cmnt: the sum, or [Int.MAX_VALUE]
 */»
«kwd:fun» «func:saturatingAdd»«bracket:(»a«oper::» «class:Int»«oper:,» b«oper::» «class:Int»«bracket:)»«oper::» «class:Int» «oper:=» a «oper:+» b"
`;

exports[`kt tokens lambdas and labels 1`] = `
"«kwd:val» «bracket:(»name«oper:,» age«bracket:)» «oper:=» person

users«oper:.»«func:forEach» «bracket:{» user «oper:->»
  «kwd:if» «bracket:(»user«oper:.»age «oper:<» «num:18»«bracket:)» «kwd:return»«var:@forEach»
  «func:println»«bracket:(»«str:"»«var:\${»user«oper:.»name«var:}»«str: is »«var:\${»user«oper:.»age«var:}»«str:"»«bracket:)»
«bracket:}»

«var:loop@» «kwd:for» «bracket:(»i «kwd:in» «num:1»«oper:..»«num:10»«bracket:)» «bracket:{»
  «kwd:for» «bracket:(»j «kwd:in» «num:1»«oper:..»«num:10»«bracket:)» «kwd:if» «bracket:(»i «oper:*» j «oper:>» «num:50»«bracket:)» «kwd:break»«var:@loop»
«bracket:}»

«kwd:val» short «oper:=» users«oper:.»«func:map» «bracket:{» «var:it»«oper:.»name «bracket:}»«oper:.»«func:filter» «bracket:{» «var:it»«oper:.»«func:isNotEmpty»«bracket:(»«bracket:)» «bracket:}»"
`;

exports[`kt tokens modifiers 1`] = `
"«kwd:public» «kwd:expect» «kwd:abstract» «kwd:class» «class:Platform» «bracket:{»
  «kwd:protected» «kwd:abstract» «kwd:val» name«oper::» «class:String»
«bracket:}»

«kwd:actual» «kwd:final» «kwd:class» «class:Jvm» «oper::» «func:Platform»«bracket:(»«bracket:)» «bracket:{»
  «kwd:actual» «kwd:override» «kwd:val» name«oper::» «class:String» «oper:=» «str:"jvm"»
    «kwd:get»«bracket:(»«bracket:)» «oper:=» «kwd:field»«oper:.»«func:uppercase»«bracket:(»«bracket:)»
«bracket:}»

«kwd:annotation» «kwd:class» «class:Marker»
«kwd:inner» «kwd:class» «func:Meters»«bracket:(»«kwd:val» v«oper::» «class:Double»«bracket:)»

«kwd:tailrec» «kwd:fun» «func:gcd»«bracket:(»a«oper::» «class:Int»«oper:,» b«oper::» «class:Int»«bracket:)»«oper::» «class:Int» «oper:=» «kwd:if» «bracket:(»b «oper:==» «num:0»«bracket:)» a «kwd:else» «func:gcd»«bracket:(»b«oper:,» a «oper:%» b«bracket:)»
«kwd:external» «kwd:fun» «func:native»«bracket:(»«kwd:vararg» args«oper::» «class:String»«bracket:)»«oper::» «class:Unit»
«kwd:inline» «kwd:fun» «func:wrap»«bracket:(»«kwd:noinline» f«oper::» «bracket:(»«bracket:)» «oper:->» «class:Unit»«oper:,» «kwd:crossinline» g«oper::» «bracket:(»«bracket:)» «oper:->» «class:Unit»«bracket:)» «oper:=» «func:f»«bracket:(»«bracket:)»"
`;

exports[`kt tokens nullability 1`] = `
"«kwd:fun» «func:find»«bracket:(»id«oper::» «class:Int»«bracket:)»«oper::» «class:User»«oper:?» «oper:=» users«bracket:[»id«bracket:]»

«kwd:val» len «oper:=» «func:find»«bracket:(»«num:1»«bracket:)»«oper:?.»name«oper:?.»length «oper:?:» «num:0»
«kwd:val» forced «oper:=» «func:find»«bracket:(»«num:2»«bracket:)»«oper:!!.»name
«kwd:val» cast «oper:=» «bracket:(»obj «kwd:as»«oper:?» «class:User»«bracket:)»«oper:?.»email«oper:.»«func:orEmpty»«bracket:(»«bracket:)»
«kwd:val» chained «oper:=» repo«oper:?.»cache«oper:?.»«func:get»«bracket:(»«str:"a"»«bracket:)»«oper:?.»«func:takeIf» «bracket:{» «var:it»«oper:.»id «oper:>» «num:0» «bracket:}»"
`;

exports[`kt tokens numbers 1`] = `
"«kwd:val» ints «oper:=» «func:listOf»«bracket:(»«num:0»«oper:,» «num:42»«oper:,» «num:1_000_000»«oper:,» «num:0xFF»«oper:,» «num:0b1010_1010»«bracket:)»
«kwd:val» longs «oper:=» «func:listOf»«bracket:(»«num:100L»«oper:,» «num:0xDEAD_BEEFL»«oper:,» «num:9_223_372_036_854_775_807L»«bracket:)»
«kwd:val» unsigned «oper:=» «func:listOf»«bracket:(»«num:7u»«oper:,» «num:42uL»«oper:,» «num:0xFFu»«bracket:)»
«kwd:val» floats «oper:=» «func:listOf»«bracket:(»«num:3.14f»«oper:,» «num:0.5F»«oper:,» «num:2.5e3»«oper:,» «num:1e-9»«oper:,» «num:6.022e23»«bracket:)»"
`;

exports[`kt tokens operators 1`] = `
"«kwd:for» «bracket:(»i «kwd:in» «num:10» «oper:downTo» «num:1» «oper:step» «num:3»«bracket:)» «func:print»«bracket:(»i«bracket:)»

«kwd:val» inRange «oper:=» x «kwd:in» «num:1»«oper:..»«num:100» «oper:&&» y «oper:!»«kwd:in» «func:setOf»«bracket:(»«num:0»«bracket:)»
«kwd:val» mask «oper:=» flags «oper:and» «num:0xF0» «oper:shl» «num:2» «oper:or» «num:1» «oper:xor» «num:3»
«kwd:val» pair «oper:=» «str:"a"» «oper:to» «num:1»
«kwd:val» eq «oper:=» a «oper:==» b «oper:&&» a «oper:!==» c
i«oper:++»
j«oper:--»
n «oper:+=» «num:2»"
`;

exports[`kt tokens raw strings 1`] = `
"«kwd:val» query «oper:=» «str:"""
  SELECT id, name
    FROM users
   WHERE name = '»«var:$name»«str:' AND age > »«var:\${»minAge «oper:+» «num:1»«var:}»«str:
"""»«oper:.»«func:trimIndent»«bracket:(»«bracket:)»

«kwd:val» literalDollar «oper:=» «str:"""price: »«var:\${»«str:'$'»«var:}»«str:9.99"""»"
`;

exports[`kt tokens sealed classes 1`] = `
"«kwd:sealed» «kwd:class» «class:Result»«oper:<»«kwd:out» «class:T»«oper:>» «bracket:{»
  «kwd:data» «kwd:class» «class:Success»«oper:<»«class:T»«oper:>»«bracket:(»«kwd:val» value«oper::» «class:T»«bracket:)» «oper::» «class:Result»«oper:<»«class:T»«oper:>»«bracket:(»«bracket:)»
  «kwd:data» «kwd:class» «func:Failure»«bracket:(»«kwd:val» error«oper::» «class:Throwable»«bracket:)» «oper::» «class:Result»«oper:<»«class:Nothing»«oper:>»«bracket:(»«bracket:)»
  «kwd:object» «class:Loading» «oper::» «class:Result»«oper:<»«class:Nothing»«oper:>»«bracket:(»«bracket:)»
«bracket:}»

«kwd:fun» «oper:<»«class:T»«oper:>» «class:Result»«oper:<»«class:T»«oper:>.»«func:orNull»«bracket:(»«bracket:)»«oper::» «class:T»«oper:?» «oper:=» «kwd:when» «bracket:(»«kwd:this»«bracket:)» «bracket:{»
  «kwd:is» «class:Result»«oper:.»«class:Success» «oper:->» value
  «kwd:is» «class:Result»«oper:.»«class:Failure» «oper:->» «bool:null»
  «kwd:else» «oper:->» «bool:null»
«bracket:}»"
`;

exports[`kt tokens strings 1`] = `
"«kwd:val» plain «oper:=» «str:"double quoted"»
«kwd:val» escaped «oper:=» «str:"he said »«esc:\\"»«str:hi»«esc:\\"»«esc:\\t»«str:and»«esc:\\n»«str:left"»
«kwd:val» dollar «oper:=» «str:"costs »«esc:\\$»«str:5, not »«esc:\\$»«str:name"»
«kwd:val» unicode «oper:=» «str:"»«esc:\\u00e9»«str:t»«esc:\\u00e9»«str:"»
«kwd:val» c «oper:=» «str:'x'»
«kwd:val» nl «oper:=» «str:'»«esc:\\n»«str:'»
«kwd:val» quote «oper:=» «str:'»«esc:\\'»«str:'»
«kwd:val» cp «oper:=» «str:'»«esc:\\u0041»«str:'»"
`;
