// Vitest Snapshot v1, https://vitest.dev/guide/snapshot.html

exports[`leanpub-md > tokens > delete 1`] = `
"«deleted:leanpub-start-delete»
const b = 2;
«deleted:leanpub-end-delete»"
`;

exports[`leanpub-md > tokens > fenced code 1`] = `
"«kwd:\`\`\`js»
«kwd:const» a «oper:=» «num:1»;
«kwd:\`\`\`»"
`;

exports[`leanpub-md > tokens > insert 1`] = `
"«insert:leanpub-start-insert»
const a = 1;
«insert:leanpub-end-insert»"
`;

exports[`leanpub-md > tokens > markdown 1`] = `
"# heading

«kwd:*italic*» «class:**bold**» «str:\`code\`» «var:~~struck~~»

«cmnt:> quote»

«oper:[text]»«func:(https://a.b)»"
`;

exports[`leanpub-md > tokens > mixed 1`] = `
"text before

«insert:leanpub-start-insert»
«kwd:SELECT» «oper:*» «kwd:FROM» t;
«insert:leanpub-end-insert»

text after"
`;
