// Vitest Snapshot v1, https://vitest.dev/guide/snapshot.html

exports[`php > tokens > attributes 1`] = `
"«kwd:<?php»
«kwd:#[»«class:Attribute»«bracket:(»«class:Attribute»«oper:::»«class:TARGET_CLASS»«bracket:)»«bracket:]»
«kwd:final» «kwd:class» «class:Route»
«bracket:{»
    «kwd:#[»«class:Deprecated»«bracket:(»«var:reason»«oper::» «str:'use path instead'»«bracket:)»«bracket:]»
    «kwd:public» «type:string» «var:$uri» «oper:=» «str:'/'»;

    «kwd:#[»«class:Route»«bracket:(»«str:'/users/{id}'»«oper:,» «var:methods»«oper::» «bracket:[»«str:'GET'»«oper:,» «str:'HEAD'»«bracket:]»«bracket:)»«bracket:]»
    «kwd:public» «kwd:function» «func:show»«bracket:(»«type:int» «var:$id»«bracket:)»«oper::» «class:Response»
    «bracket:{»
        «kwd:return» «kwd:new» «class:Response»«bracket:(»«var:$id»«bracket:)»;
    «bracket:}»
«bracket:}»"
`;

exports[`php > tokens > bootstrap 1`] = `
"«kwd:<?php»
«kwd:declare»«bracket:(»strict_types«oper:=»«num:1»«bracket:)»;

«kwd:require_once» «kwd:__DIR__» «oper:.» «str:'/vendor/autoload.php'»;

«kwd:use» «class:App»«oper:\\»«class:Kernel»;
«kwd:use» «kwd:function» «class:App»«oper:\\»«class:Support»«oper:\\»env;

«kwd:const» «class:VERSION» «oper:=» «str:'1.4.0'»;

«kwd:if» «bracket:(»«oper:!»«func:defined»«bracket:(»«str:'APP_ROOT'»«bracket:)»«bracket:)» «bracket:{»
    «func:define»«bracket:(»«str:'APP_ROOT'»«oper:,» «func:dirname»«bracket:(»«kwd:__DIR__»«bracket:)»«bracket:)»;
«bracket:}»

«var:$kernel» «oper:=» «kwd:new» «class:Kernel»«bracket:(»«func:env»«bracket:(»«str:'APP_ENV'»«oper:,» «str:'production'»«bracket:)»«bracket:)»;
«kwd:exit»«bracket:(»«var:$kernel»«oper:->»«func:run»«bracket:(»«bracket:)» «oper:?» «num:0» «oper::» «num:1»«bracket:)»;"
`;

exports[`php > tokens > classes 1`] = `
"«kwd:<?php»
«kwd:namespace» «class:App»«oper:\\»«class:Models»;

«kwd:use» «class:App»«oper:\\»«class:Contracts»«oper:\\»«class:Arrayable»;
«kwd:use» «class:App»«oper:\\»«class:Support»«oper:\\»«class:Str»;

«kwd:final» «kwd:class» «class:User» «kwd:extends» «class:Model» «kwd:implements» «class:Arrayable»«oper:,» «class:JsonSerializable»
«bracket:{»
    «kwd:public» «kwd:const» «class:ROLE_ADMIN» «oper:=» «str:'admin'»;

    «kwd:protected» «kwd:static» «type:int» «var:$count» «oper:=» «num:0»;

    «kwd:public» «kwd:function» «func:__construct»«bracket:(»
        «kwd:private» «kwd:readonly» «type:string» «var:$name»«oper:,»
        «kwd:private» «oper:?»«type:string» «var:$email» «oper:=» «bool:null»«oper:,»
        «kwd:protected» «kwd:array» «var:$roles» «oper:=» «bracket:[»«bracket:]»«oper:,»
    «bracket:)» «bracket:{»
        «kwd:self»«oper:::»«var:$count»«oper:++»;
    «bracket:}»

    «kwd:public» «kwd:function» «func:getName»«bracket:(»«bracket:)»«oper::» «type:string»
    «bracket:{»
        «kwd:return» «class:Str»«oper:::»«func:title»«bracket:(»«var:$this»«oper:->»«var:name»«bracket:)»;
    «bracket:}»
«bracket:}»"
`;

exports[`php > tokens > comments 1`] = `
"«kwd:<?php»
«cmnt:// a single line comment
»«cmnt:# the shell flavoured one, still a comment
»«cmnt:/* a block comment
   spanning two lines */»
«var:$debug» «oper:=» «bool:false»; «cmnt:// »«err:TODO»«cmnt:: read this from the environment»"
`;

exports[`php > tokens > control flow 1`] = `
"«kwd:<?php»
«kwd:foreach» «bracket:(»«var:$rows» «kwd:as» «var:$index» «oper:=>» «var:$row»«bracket:)» «bracket:{»
    «kwd:if» «bracket:(»«var:$index» «oper:%» «num:2» «oper:===» «num:0»«bracket:)» «bracket:{»
        «kwd:continue»;
    «bracket:}» «kwd:elseif» «bracket:(»«kwd:empty»«bracket:(»«var:$row»«bracket:)»«bracket:)» «bracket:{»
        «kwd:break»;
    «bracket:}»

    «kwd:try» «bracket:{»
        «var:$result» «oper:=» «var:$handler»«oper:->»«func:process»«bracket:(»«var:$row»«bracket:)»;
    «bracket:}» «kwd:catch» «bracket:(»«class:RuntimeException» «oper:|» «class:LogicException» «var:$e»«bracket:)» «bracket:{»
        «func:error_log»«bracket:(»«var:$e»«oper:->»«func:getMessage»«bracket:(»«bracket:)»«bracket:)»;
        «kwd:throw» «var:$e»;
    «bracket:}» «kwd:finally» «bracket:{»
        «kwd:unset»«bracket:(»«var:$row»«bracket:)»;
    «bracket:}»
«bracket:}»

«kwd:switch» «bracket:(»«bool:true»«bracket:)» «bracket:{»
    «kwd:case» «var:$index» «oper:>» «num:1»«oper::»
        «kwd:echo» «str:'big'»;
        «kwd:break»;
    «kwd:default»«oper::»
        «kwd:echo» «str:'small'»;
«bracket:}»"
`;

exports[`php > tokens > docblock 1`] = `
"«kwd:<?php»
«cmnt:/**
 * Find a user by its identifier.
 *
 * »«kwd:@param»«cmnt: int $id The primary key
 * »«kwd:@param»«cmnt: bool $fresh Bypass the cache
 * »«kwd:@return»«cmnt: User|null The user, or null when unknown
 * »«kwd:@throws»«cmnt: StorageException
 */»
«kwd:public» «kwd:function» «func:find»«bracket:(»«type:int» «var:$id»«oper:,» «type:bool» «var:$fresh» «oper:=» «bool:false»«bracket:)»«oper::» «oper:?»«class:User»
«bracket:{»
    «kwd:return» «var:$fresh» «oper:?» «var:$this»«oper:->»«func:reload»«bracket:(»«var:$id»«bracket:)» «oper::» «var:$this»«oper:->»«var:cache»«bracket:[»«var:$id»«bracket:]» «oper:??» «bool:null»;
«bracket:}»"
`;

exports[`php > tokens > functions 1`] = `
"«kwd:<?php»
«kwd:function» «func:slugify»«bracket:(»«type:string» «var:$value»«oper:,» «type:string» «var:$separator» «oper:=» «str:'-'»«bracket:)»«oper::» «type:string»
«bracket:{»
    «kwd:return» «func:trim»«bracket:(»«func:preg_replace»«bracket:(»«str:'/[^a-z0-9]+/i'»«oper:,» «var:$separator»«oper:,» «var:$value»«bracket:)»«oper:,» «var:$separator»«bracket:)»;
«bracket:}»

«var:$sum» «oper:=» «kwd:fn»«bracket:(»«type:int» «oper:...»«var:$parts»«bracket:)»«oper::» «type:int» «oper:=>» «func:array_sum»«bracket:(»«var:$parts»«bracket:)»;

«var:$slug» «oper:=» «func:slugify»«bracket:(»«var:value»«oper::» «var:$title»«oper:,» «var:separator»«oper::» «str:'_'»«bracket:)»;

«kwd:function» «func:counter»«bracket:(»«bracket:)»«oper::» «class:Generator»
«bracket:{»
    «kwd:yield» «kwd:from» «func:range»«bracket:(»«num:1»«oper:,» «num:3»«bracket:)»;
«bracket:}»

«kwd:echo» «func:sprintf»«bracket:(»«str:'%s in %s'»«oper:,» «kwd:__FUNCTION__»«oper:,» «kwd:__FILE__»«bracket:)»«oper:,» «class:PHP_EOL»;"
`;

exports[`php > tokens > heredoc 1`] = `
"«kwd:<?php»
«var:$body» «oper:=» «str:<<<HTML
<p>Hello, »«var:{$user->name}»«str:!</p>
Total: »«var:$total»«esc:\\n»«str:
HTML»;

«var:$sql» «oper:=» «str:<<<'SQL'
SELECT * FROM users WHERE name = '$name'
SQL»;

«var:$listing» «oper:=» «str:\`ls -l /tmp\`»;"
`;

exports[`php > tokens > interfaces and enums 1`] = `
"«kwd:<?php»
«kwd:interface» «class:Repository»
«bracket:{»
    «kwd:public» «kwd:function» «func:all»«bracket:(»«bracket:)»«oper::» «type:iterable»;
«bracket:}»

«kwd:trait» «class:Timestamps»
«bracket:{»
    «kwd:public» «oper:?»«class:DateTimeImmutable» «var:$createdAt» «oper:=» «bool:null»;
«bracket:}»

«kwd:enum» «class:Status»«oper::» «type:string»
«bracket:{»
    «kwd:case» «class:Draft» «oper:=» «str:'draft'»;
    «kwd:case» «class:Published» «oper:=» «str:'published'»;

    «kwd:public» «kwd:function» «func:label»«bracket:(»«bracket:)»«oper::» «type:string»
    «bracket:{»
        «kwd:return» «kwd:match» «bracket:(»«var:$this»«bracket:)» «bracket:{»
            «kwd:self»«oper:::»«class:Draft» «oper:=>» «str:'not published yet'»«oper:,»
            «kwd:self»«oper:::»«class:Published» «oper:=>» «str:'live'»«oper:,»
        «bracket:}»;
    «bracket:}»
«bracket:}»"
`;

exports[`php > tokens > markup 1`] = `
"«kwd:<?php» «var:$items» «oper:=» «bracket:[»«str:'a'»«oper:,» «str:'b'»«bracket:]»; «kwd:?>»
«oper:<»«var:ul» «class:class»«oper:=»«str:"list"»«oper:>»
«kwd:<?php» «kwd:foreach» «bracket:(»«var:$items» «kwd:as» «var:$item»«bracket:)»«oper::» «kwd:?>»
  «oper:<»«var:li»«oper:>»«kwd:<?=» «func:htmlspecialchars»«bracket:(»«var:$item»«bracket:)» «kwd:?>»«oper:</»«var:li»«oper:>»
«kwd:<?php» «kwd:endforeach»; «kwd:?>»
«oper:</»«var:ul»«oper:>»"
`;

exports[`php > tokens > numbers 1`] = `
"«kwd:<?php»
«var:$int» «oper:=» «num:42»;
«var:$neg» «oper:=» «oper:-»«num:17»;
«var:$hex» «oper:=» «num:0xFF_EC»;
«var:$oct» «oper:=» «num:0o17»;
«var:$legacy» «oper:=» «num:0755»;
«var:$bin» «oper:=» «num:0b1010_0110»;
«var:$big» «oper:=» «num:1_000_000»;
«var:$float» «oper:=» «num:3.14159»;
«var:$sci» «oper:=» «num:6.022e23»;
«var:$tiny» «oper:=» «num:.5e-3»;"
`;

exports[`php > tokens > operators 1`] = `
"«kwd:<?php»
«var:$x» «oper:=» «var:$a» «oper:===» «var:$b» «oper:?» «var:$a» «oper:<=>» «var:$b» «oper::» «var:$a» «oper:??» «var:$b»;
«var:$y» «oper:??=» «var:$z» «oper:?:» «var:$fallback»;
«var:$value» «oper:=» «var:$obj»«oper:?->»«var:child»«oper:?->»«var:value»;
«var:$n» «oper:=» «var:$i»«oper:++» «oper:+» «oper:--»«var:$j»;
«var:$mask» «oper:=» «var:$flags» «oper:&» «oper:~»«kwd:self»«oper:::»«class:MASK» «oper:|» «num:0b1»;
«var:$total» «oper:=» «bracket:(»«type:int»«bracket:)» «var:$raw» «oper:+» «bracket:(»«type:float»«bracket:)» «var:$tax»;
«var:$text» «oper:.=» «func:implode»«bracket:(»«str:', '»«oper:,» «var:$parts»«bracket:)»;
«var:$ref» «oper:=» «oper:&»«var:$original»;
«bracket:[»«var:$first»«oper:,» «oper:,» «var:$third»«bracket:]» «oper:=» «var:$list»;"
`;

exports[`php > tokens > strings 1`] = `
"«kwd:<?php»
«var:$plain» «oper:=» «str:'no $interpolation, and a \\' quote'»;
«var:$greeting» «oper:=» «str:"Hello, »«var:$name»«str:! You have »«var:{$counts[$box]}»«str: unread."»;
«var:$escaped» «oper:=» «str:"tab»«esc:\\t»«str:here»«esc:\\n»«str:bell»«esc:\\x07»«esc:\\u{1F600}»«str: and a »«esc:\\\\»«str: backslash"»;
«var:$path» «oper:=» «str:'C:\\\\Users\\\\'» «oper:.» «var:$name»;"
`;
