// Vitest Snapshot v1, https://vitest.dev/guide/snapshot.html

exports[`plain > tokens > no other rule 1`] = `"# not a comment, 42 not a number, const not a keyword"`;

exports[`plain > tokens > quoted 1`] = `"a «str:"quoted"» span stays a string"`;

exports[`plain > tokens > text 1`] = `
"just some words
over two lines"
`;

exports[`plain tokens no other rule 1`] = `"# not a comment, 42 not a number, const not a keyword"`;

exports[`plain tokens quoted 1`] = `"a «str:"quoted"» span stays a string"`;

exports[`plain tokens text 1`] = `
"just some words
over two lines"
`;
