// Vitest Snapshot v1, https://vitest.dev/guide/snapshot.html

exports[`rb > tokens > blocks 1`] = `
"items«oper:.»each «kwd:do» «oper:|»item«oper:|»
  puts item«oper:.»name
«kwd:end»

totals «oper:=» items«oper:.»map «bracket:{» «oper:|»i«oper:|» i«oper:.»price «oper:*» i«oper:.»qty «bracket:}»
active «oper:=» users«oper:.»select «bracket:{» «oper:|»u«oper:|» u«oper:.»«func:active?» «bracket:}»«oper:.»«func:map»«bracket:(»«oper:&»«type::name»«bracket:)»
«num:3»«oper:.»times «bracket:{» «oper:|»n«oper:|» «kwd:yield» n «bracket:}»
double «oper:=» «kwd:lambda» «bracket:{» «oper:|»x«oper:|» x «oper:*» «num:2» «bracket:}»
bump «oper:=» «kwd:proc» «bracket:{» «oper:|»y«oper:|» y «oper:+» «num:1» «bracket:}»"
`;

exports[`rb > tokens > booleans 1`] = `
"enabled «oper:=» «bool:true»
disabled «oper:=» «bool:false»
missing «oper:=» «bool:nil»
puts «str:"on"» «kwd:if» enabled «oper:&&» «oper:!»disabled
puts missing«oper:.»«func:nil?» «oper:?» «str:"none"» «oper::» missing"
`;

exports[`rb > tokens > case when 1`] = `
"«kwd:case» status
«kwd:when» «type::pending»«oper:,» «type::queued» «kwd:then» «str:"waiting"»
«kwd:when» «str:/\\Aerr/» «kwd:then» «str:"error"»
«kwd:when» «num:1»«oper:..»«num:5»
  «str:"small"»
«kwd:else»
  «str:"unknown"»
«kwd:end»"
`;

exports[`rb > tokens > class definition 1`] = `
"«kwd:module» «class:Billing»
  «kwd:class» «class:Invoice» «oper:<» «class:Record»
    «kwd:include» «class:Comparable»

    «class:MAX_ITEMS» «oper:=» «num:100»

    «kwd:attr_accessor» «type::customer»«oper:,» «type::total»
    «kwd:attr_reader» «type::id»

    «kwd:def» «func:initialize»«bracket:(»id«oper:,» «type:customer»«oper::,» «type:total»«oper::» «num:0.0»«bracket:)»
      «var:@id» «oper:=» id
      «var:@customer» «oper:=» customer
      «var:@total» «oper:=» total
      «var:@@count» «oper:+=» «num:1»
    «kwd:end»

    «kwd:def» «kwd:self»«oper:.»«func:build»«bracket:(»row«bracket:)»
      «kwd:new»«bracket:(»row«bracket:[»«type::id»«bracket:]»«oper:,» «type:customer»«oper::» row«bracket:[»«type::customer»«bracket:]»«bracket:)»
    «kwd:end»

    «kwd:def» «func:paid?»
      «oper:!»«var:@total»«oper:.»«func:zero?»
    «kwd:end»

    «kwd:def» «func:total=»«bracket:(»value«bracket:)»
      «var:@total» «oper:=» value«oper:.»to_f
    «kwd:end»

    «kwd:def» «func:to_s»
      «str:"Invoice »«var:#{@id}»«str: for »«var:#{@customer}»«str:"»
    «kwd:end»
  «kwd:end»
«kwd:end»"
`;

exports[`rb > tokens > comments 1`] = `
"«cmnt:# frozen_string_literal: true»
«cmnt:=begin
A block comment,
spanning lines.
=end»
value «oper:=» «num:1» «cmnt:# »«err:TODO»«cmnt:: rename»"
`;

exports[`rb > tokens > control flow 1`] = `
"«kwd:while» queue«oper:.»«func:any?»
  job «oper:=» queue«oper:.»shift
  «kwd:next» «kwd:if» job«oper:.»«func:nil?»
  «kwd:break» «kwd:unless» job«oper:.»«func:ready?»
«kwd:end»

«kwd:until» done
  done «oper:=» step
«kwd:end»

«kwd:for» i «kwd:in» «num:0»«oper:...»«num:10» «kwd:do»
  «kwd:redo» «kwd:if» i«oper:.»«func:zero?»
«kwd:end»"
`;

exports[`rb > tokens > exceptions 1`] = `
"«kwd:begin»
  «kwd:raise» «class:ArgumentError»«oper:,» «str:"bad »«var:#{value}»«str:"» «kwd:unless» «func:valid?»
«kwd:rescue» «class:ArgumentError» «oper:=>» e
  warn e«oper:.»message
  «kwd:retry» «kwd:if» attempts «oper:<» «num:3»
«kwd:rescue» «class:StandardError»
  «kwd:raise»
«kwd:ensure»
  file«oper:&.»close
«kwd:end»"
`;

exports[`rb > tokens > heredocs 1`] = `
"sql «oper:=» «str:<<~SQL
  SELECT *
  FROM invoices
  WHERE id = »«var:#{id}»«str:
SQL»

usage «oper:=» «str:<<-HELP
  usage: tool [options]
  HELP»

banner «oper:=» «str:<<BANNER
plain heredoc, terminator at column 0
BANNER»

raw «oper:=» «str:<<~'RAW'
  literal #{not_interpolated}
RAW»"
`;

exports[`rb > tokens > interpolation 1`] = `
"puts «str:"Hello »«var:#{name}»«str:, you owe »«var:#{total - paid}»«str: for »«var:#{h[:plan]}»«str:"»
puts «str:"nested »«var:#{items.map { |i| i.id }.join(", ")}»«str:"»"
`;

exports[`rb > tokens > modules and requires 1`] = `
"«kwd:require» «str:"json"»
«kwd:require_relative» «str:"../lib/store"»

«kwd:module» «class:Util»
  «kwd:module_function»

  «kwd:def» «func:dump»«bracket:(»obj«bracket:)»
    «class:JSON»«oper:.»«func:generate»«bracket:(»obj«bracket:)»
  «kwd:end»

  «kwd:alias_method» «type::to_json»«oper:,» «type::dump»
«kwd:end»

puts «kwd:defined?»«bracket:(»«class:Util»«bracket:)» «oper:?» «kwd:__method__» «oper::» «str:"none"»"
`;

exports[`rb > tokens > numbers 1`] = `"«num:0» «num:42» «num:3.14» «num:1_000_000» «num:0xff» «num:0b1010» «num:0o17» «num:1e-9» «num:1.5e3» «num:2i» «num:3r»"`;

exports[`rb > tokens > operators 1`] = `
"avg «oper:=» total «oper:/» count
ratio «oper:=» «bracket:(»a «oper:+» b«bracket:)» «oper:/» «num:2.0»
n «oper:=» «num:10» «oper:%» «num:3»
order «oper:=» x «oper:<=>» y
flag «oper:=» a «oper:&&» b «oper:||» «oper:!»c
square «oper:=» base «oper:**» «num:2»
list «oper:=» «bracket:[»«num:1»«oper:,» «num:2»«oper:,» «num:3»«bracket:]» «oper:<<» «num:4»
name «oper:=» person«oper:&.»name
found «oper:=» text «oper:=~» «str:/\\d+/»
clean «oper:=» text«oper:.»gsub «str:/\\s+/»«oper:,» «str:" "»
assert_match «oper:/»error«oper:/,» output
letter «oper:=» «esc:?a»
breaker «oper:=» «esc:?\\n»
scoped «oper:=» «class:Foo»«oper:::»«class:Bar»«oper:::»«class:BAUD»
padded «oper:=» «func:format»«bracket:(»«str:"%.2f"»«oper:,» total«bracket:)»"
`;

exports[`rb > tokens > percent literals 1`] = `
"«class:WORDS» «oper:=» «str:%w[alpha beta gamma]»
«class:KEYS» «oper:=» «str:%i[id name email]»
raw «oper:=» «str:%q(no »«var:#{interp}»«str: here)»
cooked «oper:=» «str:%Q{sum is »«var:#{a + b}»«str:}»
bare «oper:=» «str:%(plain »«var:#{x}»«str:)»
pattern «oper:=» «str:%r{»«esc:\\A»«esc:\\d»«str:{3}-»«esc:\\d»«str:{4}»«esc:\\z»«str:}i»
shell «oper:=» «str:%x(ls -la)»"
`;

exports[`rb > tokens > strings 1`] = `
"name «oper:=» «str:"double"»
other «oper:=» «str:'single, no #{interp}'»
escaped «oper:=» «str:"she said »«esc:\\"»«str:hi»«esc:\\"»«esc:\\n»«str:"»
quote «oper:=» «str:'it\\'s fine'»"
`;

exports[`rb > tokens > symbols and hashes 1`] = `
"config «oper:=» «bracket:{» «type:host»«oper::» «str:"localhost"»«oper:,» «type:port»«oper::» «num:8080»«oper:,» «type:tags»«oper::» «str:%i[a b]» «bracket:}»
legacy «oper:=» «bracket:{» «type::name» «oper:=>» «str:"old"»«oper:,» «str:"str"» «oper:=>» «num:1» «bracket:}»
puts config«bracket:[»«type::host»«bracket:]»
puts config«oper:.»«func:fetch»«bracket:(»«type::port»«oper:,» «num:80»«bracket:)»
«func:send»«bracket:(»«type::update!»«oper:,» id«bracket:)»"
`;

exports[`rb > tokens > variables 1`] = `
"«var:$stdout»«oper:.»puts «str:"boot"»
«var:@config» «oper:=» «bracket:{»«bracket:}»
«var:@@registry» «oper:||=» «bracket:[»«bracket:]»
«var:$LOAD_PATH»«oper:.»«func:unshift»«bracket:(»dir«bracket:)»
puts «var:$0»"
`;

exports[`rb tokens blocks 1`] = `
"items«oper:.»each «kwd:do» «oper:|»item«oper:|»
  puts item«oper:.»name
«kwd:end»

totals «oper:=» items«oper:.»map «bracket:{» «oper:|»i«oper:|» i«oper:.»price «oper:*» i«oper:.»qty «bracket:}»
active «oper:=» users«oper:.»select «bracket:{» «oper:|»u«oper:|» u«oper:.»«func:active?» «bracket:}»«oper:.»«func:map»«bracket:(»«oper:&»«type::name»«bracket:)»
«num:3»«oper:.»times «bracket:{» «oper:|»n«oper:|» «kwd:yield» n «bracket:}»
double «oper:=» «kwd:lambda» «bracket:{» «oper:|»x«oper:|» x «oper:*» «num:2» «bracket:}»
bump «oper:=» «kwd:proc» «bracket:{» «oper:|»y«oper:|» y «oper:+» «num:1» «bracket:}»"
`;

exports[`rb tokens booleans 1`] = `
"enabled «oper:=» «bool:true»
disabled «oper:=» «bool:false»
missing «oper:=» «bool:nil»
puts «str:"on"» «kwd:if» enabled «oper:&&» «oper:!»disabled
puts missing«oper:.»«func:nil?» «oper:?» «str:"none"» «oper::» missing"
`;

exports[`rb tokens case when 1`] = `
"«kwd:case» status
«kwd:when» «type::pending»«oper:,» «type::queued» «kwd:then» «str:"waiting"»
«kwd:when» «str:/\\Aerr/» «kwd:then» «str:"error"»
«kwd:when» «num:1»«oper:..»«num:5»
  «str:"small"»
«kwd:else»
  «str:"unknown"»
«kwd:end»"
`;

exports[`rb tokens class definition 1`] = `
"«kwd:module» «class:Billing»
  «kwd:class» «class:Invoice» «oper:<» «class:Record»
    «kwd:include» «class:Comparable»

    «class:MAX_ITEMS» «oper:=» «num:100»

    «kwd:attr_accessor» «type::customer»«oper:,» «type::total»
    «kwd:attr_reader» «type::id»

    «kwd:def» «func:initialize»«bracket:(»id«oper:,» «type:customer»«oper::,» «type:total»«oper::» «num:0.0»«bracket:)»
      «var:@id» «oper:=» id
      «var:@customer» «oper:=» customer
      «var:@total» «oper:=» total
      «var:@@count» «oper:+=» «num:1»
    «kwd:end»

    «kwd:def» «kwd:self»«oper:.»«func:build»«bracket:(»row«bracket:)»
      «kwd:new»«bracket:(»row«bracket:[»«type::id»«bracket:]»«oper:,» «type:customer»«oper::» row«bracket:[»«type::customer»«bracket:]»«bracket:)»
    «kwd:end»

    «kwd:def» «func:paid?»
      «oper:!»«var:@total»«oper:.»«func:zero?»
    «kwd:end»

    «kwd:def» «func:total=»«bracket:(»value«bracket:)»
      «var:@total» «oper:=» value«oper:.»to_f
    «kwd:end»

    «kwd:def» «func:to_s»
      «str:"Invoice »«var:#{@id}»«str: for »«var:#{@customer}»«str:"»
    «kwd:end»
  «kwd:end»
«kwd:end»"
`;

exports[`rb tokens comments 1`] = `
"«cmnt:# frozen_string_literal: true»
«cmnt:=begin
A block comment,
spanning lines.
=end»
value «oper:=» «num:1» «cmnt:# »«err:TODO»«cmnt:: rename»"
`;

exports[`rb tokens control flow 1`] = `
"«kwd:while» queue«oper:.»«func:any?»
  job «oper:=» queue«oper:.»shift
  «kwd:next» «kwd:if» job«oper:.»«func:nil?»
  «kwd:break» «kwd:unless» job«oper:.»«func:ready?»
«kwd:end»

«kwd:until» done
  done «oper:=» step
«kwd:end»

«kwd:for» i «kwd:in» «num:0»«oper:...»«num:10» «kwd:do»
  «kwd:redo» «kwd:if» i«oper:.»«func:zero?»
«kwd:end»"
`;

exports[`rb tokens exceptions 1`] = `
"«kwd:begin»
  «kwd:raise» «class:ArgumentError»«oper:,» «str:"bad »«var:#{value}»«str:"» «kwd:unless» «func:valid?»
«kwd:rescue» «class:ArgumentError» «oper:=>» e
  warn e«oper:.»message
  «kwd:retry» «kwd:if» attempts «oper:<» «num:3»
«kwd:rescue» «class:StandardError»
  «kwd:raise»
«kwd:ensure»
  file«oper:&.»close
«kwd:end»"
`;

exports[`rb tokens heredocs 1`] = `
"sql «oper:=» «str:<<~SQL
  SELECT *
  FROM invoices
  WHERE id = »«var:#{id}»«str:
SQL»

usage «oper:=» «str:<<-HELP
  usage: tool [options]
  HELP»

banner «oper:=» «str:<<BANNER
plain heredoc, terminator at column 0
BANNER»

raw «oper:=» «str:<<~'RAW'
  literal #{not_interpolated}
RAW»"
`;

exports[`rb tokens interpolation 1`] = `
"puts «str:"Hello »«var:#{name}»«str:, you owe »«var:#{total - paid}»«str: for »«var:#{h[:plan]}»«str:"»
puts «str:"nested »«var:#{items.map { |i| i.id }.join(", ")}»«str:"»"
`;

exports[`rb tokens modules and requires 1`] = `
"«kwd:require» «str:"json"»
«kwd:require_relative» «str:"../lib/store"»

«kwd:module» «class:Util»
  «kwd:module_function»

  «kwd:def» «func:dump»«bracket:(»obj«bracket:)»
    «class:JSON»«oper:.»«func:generate»«bracket:(»obj«bracket:)»
  «kwd:end»

  «kwd:alias_method» «type::to_json»«oper:,» «type::dump»
«kwd:end»

puts «kwd:defined?»«bracket:(»«class:Util»«bracket:)» «oper:?» «kwd:__method__» «oper::» «str:"none"»"
`;

exports[`rb tokens numbers 1`] = `"«num:0» «num:42» «num:3.14» «num:1_000_000» «num:0xff» «num:0b1010» «num:0o17» «num:1e-9» «num:1.5e3» «num:2i» «num:3r»"`;

exports[`rb tokens operators 1`] = `
"avg «oper:=» total «oper:/» count
ratio «oper:=» «bracket:(»a «oper:+» b«bracket:)» «oper:/» «num:2.0»
n «oper:=» «num:10» «oper:%» «num:3»
order «oper:=» x «oper:<=>» y
flag «oper:=» a «oper:&&» b «oper:||» «oper:!»c
square «oper:=» base «oper:**» «num:2»
list «oper:=» «bracket:[»«num:1»«oper:,» «num:2»«oper:,» «num:3»«bracket:]» «oper:<<» «num:4»
name «oper:=» person«oper:&.»name
found «oper:=» text «oper:=~» «str:/\\d+/»
clean «oper:=» text«oper:.»gsub «str:/\\s+/»«oper:,» «str:" "»
assert_match «oper:/»error«oper:/,» output
letter «oper:=» «esc:?a»
breaker «oper:=» «esc:?\\n»
scoped «oper:=» «class:Foo»«oper:::»«class:Bar»«oper:::»«class:BAUD»
padded «oper:=» «func:format»«bracket:(»«str:"%.2f"»«oper:,» total«bracket:)»"
`;

exports[`rb tokens percent literals 1`] = `
"«class:WORDS» «oper:=» «str:%w[alpha beta gamma]»
«class:KEYS» «oper:=» «str:%i[id name email]»
raw «oper:=» «str:%q(no »«var:#{interp}»«str: here)»
cooked «oper:=» «str:%Q{sum is »«var:#{a + b}»«str:}»
bare «oper:=» «str:%(plain »«var:#{x}»«str:)»
pattern «oper:=» «str:%r{»«esc:\\A»«esc:\\d»«str:{3}-»«esc:\\d»«str:{4}»«esc:\\z»«str:}i»
shell «oper:=» «str:%x(ls -la)»"
`;

exports[`rb tokens strings 1`] = `
"name «oper:=» «str:"double"»
other «oper:=» «str:'single, no #{interp}'»
escaped «oper:=» «str:"she said »«esc:\\"»«str:hi»«esc:\\"»«esc:\\n»«str:"»
quote «oper:=» «str:'it\\'s fine'»"
`;

exports[`rb tokens symbols and hashes 1`] = `
"config «oper:=» «bracket:{» «type:host»«oper::» «str:"localhost"»«oper:,» «type:port»«oper::» «num:8080»«oper:,» «type:tags»«oper::» «str:%i[a b]» «bracket:}»
legacy «oper:=» «bracket:{» «type::name» «oper:=>» «str:"old"»«oper:,» «str:"str"» «oper:=>» «num:1» «bracket:}»
puts config«bracket:[»«type::host»«bracket:]»
puts config«oper:.»«func:fetch»«bracket:(»«type::port»«oper:,» «num:80»«bracket:)»
«func:send»«bracket:(»«type::update!»«oper:,» id«bracket:)»"
`;

exports[`rb tokens variables 1`] = `
"«var:$stdout»«oper:.»puts «str:"boot"»
«var:@config» «oper:=» «bracket:{»«bracket:}»
«var:@@registry» «oper:||=» «bracket:[»«bracket:]»
«var:$LOAD_PATH»«oper:.»«func:unshift»«bracket:(»dir«bracket:)»
puts «var:$0»"
`;
