// Vitest Snapshot v1, https://vitest.dev/guide/snapshot.html

exports[`scss > tokens > at rules 1`] = `
"«kwd:@import» «str:"reset"»;

«kwd:@media» «class:screen» «kwd:and» «bracket:(»«var:min-width»: «num:40»«var:em»«bracket:)» «bracket:{»
  «class:.a» «bracket:{» «var:display»: «num:none»; «bracket:}»
«bracket:}»

«kwd:@supports» «bracket:(»«var:display»: «num:grid»«bracket:)» «bracket:{»
  «class:.grid» «bracket:{» «var:display»: «num:grid»; «bracket:}»
«bracket:}»

«kwd:@keyframes» «class:spin» «bracket:{»
  «kwd:from» «bracket:{» «var:transform»: «func:rotate»«bracket:(»«num:0»«var:deg»«bracket:)»; «bracket:}»
  «kwd:to» «bracket:{» «var:transform»: «func:rotate»«bracket:(»«num:360»«var:deg»«bracket:)»; «bracket:}»
«bracket:}»

«kwd:@font-face» «bracket:{»
  «var:font-family»: «str:"Inter"»;
  «var:src»: «func:url»(«str:"inter.woff2"») «func:format»«bracket:(»«str:"woff2"»«bracket:)»;
«bracket:}»

«class::root» «bracket:{»
  «var:--main»: «num:#fff»;
«bracket:}»

«class:.a» «bracket:{» «var:color»: «func:var»«bracket:(»«var:--main»«bracket:)»; «bracket:}»"
`;

exports[`scss > tokens > comments 1`] = `
"«cmnt:// a line comment
»«cmnt:/* a block comment
   over two lines */»

«cmnt:// »«err:TODO»«cmnt:: drop the fallback
»«class:.a» «bracket:{»
  «var:color»: «num:red»; «cmnt:// trailing
»«bracket:}»"
`;

exports[`scss > tokens > conditionals 1`] = `
"«kwd:@mixin» «func:theme»«bracket:(»«var:$mode»«bracket:)» «bracket:{»
  «kwd:@if» «var:$mode» «oper:==» «num:dark» «bracket:{»
    «var:background»: «num:#111»;
  «bracket:}» «kwd:@else» «kwd:if» «var:$mode» «oper:==» «num:light» «bracket:{»
    «var:background»: «num:#fff»;
  «bracket:}» «kwd:@else» «bracket:{»
    «var:background»: «num:transparent»;
  «bracket:}»
«bracket:}»

«kwd:@at-root» «class:.a» «bracket:{» «var:color»: «num:red»; «bracket:}»

«kwd:@debug» «str:"mode is #{$mode}"»;
«kwd:@warn» «str:"deprecated"»;
«kwd:@error» «str:"unreachable"»;"
`;

exports[`scss > tokens > functions 1`] = `
"«kwd:@use» «str:"sass:math"»;

«kwd:@function» «func:rem»«bracket:(»«var:$px», «var:$base»: «num:16»«var:px»«bracket:)» «bracket:{»
  «kwd:@return» «class:math».«func:div»«bracket:(»«var:$px», «var:$base»«bracket:)» «oper:*» «num:1»«var:rem»;
«bracket:}»

«class:.a» «bracket:{»
  «var:width»: «func:calc»«bracket:(»«num:100»«var:%» «oper:-» «oper:#{»«var:$gutter»«oper:}»«bracket:)»;
  «var:color»: «func:rgba»«bracket:(»«num:0», «num:0», «num:0», «num:0.5»«bracket:)»;
  «var:margin»: «func:rem»«bracket:(»«num:24»«var:px»«bracket:)» «num:auto»;
  «var:transform»: «func:translate»«bracket:(»«num:1»«var:px», «num:2»«var:px»«bracket:)» «func:rotate»«bracket:(»«num:45»«var:deg»«bracket:)»;
«bracket:}»"
`;

exports[`scss > tokens > interpolation 1`] = `
"«var:$prop»: «num:margin»;
«var:$side»: «num:top»;

«class:.box-»«oper:#{»«var:$side»«oper:}» «bracket:{»
  «oper:#{»«var:$prop»«oper:}»«var:-»«oper:#{»«var:$side»«oper:}»: «num:10»«var:px»;
  «var:border-»«oper:#{»«var:$side»«oper:}»: «num:1»«var:px» «num:solid»;
«bracket:}»

«kwd:@media» «bracket:(»«var:min-width»: «oper:#{»«var:$sm»«oper:}»«bracket:)» «bracket:{»
  «class:.a» «bracket:{» «var:display»: «num:none»; «bracket:}»
«bracket:}»"
`;

exports[`scss > tokens > loops 1`] = `
"«kwd:@each» «var:$name», «var:$color» «kwd:in» «var:$palette» «bracket:{»
  «class:.text-»«oper:#{»«var:$name»«oper:}» «bracket:{»
    «var:color»: «var:$color»;
  «bracket:}»
«bracket:}»

«kwd:@for» «var:$i» «kwd:from» «num:1» «kwd:through» «num:3» «bracket:{»
  «class:.mt-»«oper:#{»«var:$i»«oper:}» «bracket:{» «var:margin-top»: «var:$i» «oper:*» «num:4»«var:px»; «bracket:}»
«bracket:}»

«kwd:@while» «var:$i» «oper:>» «num:0» «bracket:{»
  «var:$i»: «var:$i» «oper:-» «num:1»;
«bracket:}»"
`;

exports[`scss > tokens > maps 1`] = `
"«var:$breakpoints»: «bracket:(»
  «str:"sm"»: «num:576»«var:px»,
  «str:"md"»: «num:768»«var:px»,
  «str:"lg"»: «num:992»«var:px»
«bracket:)»;

«var:$theme»: «bracket:(»«var:primary»: «num:#333», «var:secondary»: «num:#666»«bracket:)»;

«class:.a» «bracket:{»
  «var:width»: «class:map».«func:get»«bracket:(»«var:$breakpoints», «str:"md"»«bracket:)»;
«bracket:}»"
`;

exports[`scss > tokens > mixins 1`] = `
"«kwd:@mixin» «func:flex»«bracket:(»«var:$dir»: «num:row», «var:$gap»: «num:0»«bracket:)» «bracket:{»
  «var:display»: «num:flex»;
  «var:flex-direction»: «var:$dir»;
  «var:gap»: «var:$gap»;
  «kwd:@content»;
«bracket:}»

«class:.row» «bracket:{»
  «kwd:@include» «func:flex»«bracket:(»«var:$dir»: «num:column»«bracket:)» «bracket:{»
    «var:align-items»: «num:center»;
  «bracket:}»
«bracket:}»"
`;

exports[`scss > tokens > modules 1`] = `
"«kwd:@use» «str:"config"» «kwd:as» «num:cfg»;
«kwd:@use» «str:"sass:map"» «kwd:with» «bracket:(»«var:$base»: «num:12»«var:px»«bracket:)»;
«kwd:@forward» «str:"buttons"» «kwd:show» «class:%btn-base», «var:$btn-gap»;

«class:.a» «bracket:{»
  «var:padding»: «class:cfg».«var:$gutter»;
«bracket:}»"
`;

exports[`scss > tokens > nesting 1`] = `
"«class:.card» «bracket:{»
  «var:padding»: «num:1»«var:rem»;

  «class:&__title» «bracket:{»
    «var:font-size»: «num:1.25»«var:rem»;
  «bracket:}»

  «class:&--wide» «bracket:{» «var:width»: «num:100»«var:%»; «bracket:}»

  «class:&»«class::hover»,
  «class:&»«class::focus-visible» «bracket:{»
    «var:box-shadow»: «num:0» «num:0» «num:0» «num:2»«var:px» currentColor;
  «bracket:}»

  «class:h2» «oper:+» «class:p» «bracket:{» «var:margin-top»: «num:0»; «bracket:}»
«bracket:}»"
`;

exports[`scss > tokens > placeholders 1`] = `
"«class:%btn-base» «bracket:{»
  «var:border»: «num:0»;
  «var:cursor»: «num:pointer»;
«bracket:}»

«class:.btn-primary» «bracket:{»
  «kwd:@extend» «class:%btn-base»;
  «var:background»: «var:$primary»;
«bracket:}»"
`;

exports[`scss > tokens > selectors 1`] = `
"«oper:*»,
«oper:*»«class:::before» «bracket:{»
  «var:box-sizing»: «num:border-box»;
«bracket:}»

«class:ul» «oper:>» «class:li»«class::not»«bracket:(»«class:.active»«bracket:)» «oper:~» «class:li» «bracket:{»
  «var:color»: «num:inherit»;
«bracket:}»

«class:input»«bracket:[»«var:type»«oper:=»«str:"checkbox"»«bracket:]»«class::checked» «oper:+» «class:label» «bracket:{»
  «var:font-weight»: «num:700»;
«bracket:}»

«class:#main» «class:.nav» «class:a»«class::hover» «bracket:{»
  «var:text-decoration»: «num:underline» «kwd:!important»;
«bracket:}»"
`;

exports[`scss > tokens > strings 1`] = `
"«kwd:@use» «str:"sass:math"»;

«var:$font»: «str:"Helvetica Neue"», Arial, «num:sans-serif»;
«var:$sep»: «str:'/'»;

«class:.a»«class:::after» «bracket:{»
  «var:content»: «str:"\\201C"»;
  «var:background»: «func:url»(«str:"img/bg.png"») «num:no-repeat»;
«bracket:}»"
`;

exports[`scss > tokens > variables 1`] = `
"«var:$primary»: «num:#3498db» «kwd:!default»;
«var:$radius»: «num:4»«var:px»;
«var:$shadow»: «num:0» «num:2»«var:px» «num:4»«var:px» «func:rgba»«bracket:(»«num:0», «num:0», «num:0», «num:0.25»«bracket:)»;
«var:$enabled»: «bool:true» «kwd:!global»;
«var:$fallback»: «bool:null»;

«class:.a» «bracket:{»
  «var:border-radius»: «var:$radius»;
  «var:box-shadow»: «var:$shadow»;
«bracket:}»"
`;

exports[`scss tokens at rules 1`] = `
"«kwd:@import» «str:"reset"»;

«kwd:@media» «class:screen» «kwd:and» «bracket:(»«var:min-width»: «num:40»«var:em»«bracket:)» «bracket:{»
  «class:.a» «bracket:{» «var:display»: «num:none»; «bracket:}»
«bracket:}»

«kwd:@supports» «bracket:(»«var:display»: «num:grid»«bracket:)» «bracket:{»
  «class:.grid» «bracket:{» «var:display»: «num:grid»; «bracket:}»
«bracket:}»

«kwd:@keyframes» «class:spin» «bracket:{»
  «kwd:from» «bracket:{» «var:transform»: «func:rotate»«bracket:(»«num:0»«var:deg»«bracket:)»; «bracket:}»
  «kwd:to» «bracket:{» «var:transform»: «func:rotate»«bracket:(»«num:360»«var:deg»«bracket:)»; «bracket:}»
«bracket:}»

«kwd:@font-face» «bracket:{»
  «var:font-family»: «str:"Inter"»;
  «var:src»: «func:url»(«str:"inter.woff2"») «func:format»«bracket:(»«str:"woff2"»«bracket:)»;
«bracket:}»

«class::root» «bracket:{»
  «var:--main»: «num:#fff»;
«bracket:}»

«class:.a» «bracket:{» «var:color»: «func:var»«bracket:(»«var:--main»«bracket:)»; «bracket:}»"
`;

exports[`scss tokens comments 1`] = `
"«cmnt:// a line comment
»«cmnt:/* a block comment
   over two lines */»

«cmnt:// »«err:TODO»«cmnt:: drop the fallback
»«class:.a» «bracket:{»
  «var:color»: «num:red»; «cmnt:// trailing
»«bracket:}»"
`;

exports[`scss tokens conditionals 1`] = `
"«kwd:@mixin» «func:theme»«bracket:(»«var:$mode»«bracket:)» «bracket:{»
  «kwd:@if» «var:$mode» «oper:==» «num:dark» «bracket:{»
    «var:background»: «num:#111»;
  «bracket:}» «kwd:@else» «kwd:if» «var:$mode» «oper:==» «num:light» «bracket:{»
    «var:background»: «num:#fff»;
  «bracket:}» «kwd:@else» «bracket:{»
    «var:background»: «num:transparent»;
  «bracket:}»
«bracket:}»

«kwd:@at-root» «class:.a» «bracket:{» «var:color»: «num:red»; «bracket:}»

«kwd:@debug» «str:"mode is #{$mode}"»;
«kwd:@warn» «str:"deprecated"»;
«kwd:@error» «str:"unreachable"»;"
`;

exports[`scss tokens functions 1`] = `
"«kwd:@use» «str:"sass:math"»;

«kwd:@function» «func:rem»«bracket:(»«var:$px», «var:$base»: «num:16»«var:px»«bracket:)» «bracket:{»
  «kwd:@return» «class:math».«func:div»«bracket:(»«var:$px», «var:$base»«bracket:)» «oper:*» «num:1»«var:rem»;
«bracket:}»

«class:.a» «bracket:{»
  «var:width»: «func:calc»«bracket:(»«num:100»«var:%» «oper:-» «oper:#{»«var:$gutter»«oper:}»«bracket:)»;
  «var:color»: «func:rgba»«bracket:(»«num:0», «num:0», «num:0», «num:0.5»«bracket:)»;
  «var:margin»: «func:rem»«bracket:(»«num:24»«var:px»«bracket:)» «num:auto»;
  «var:transform»: «func:translate»«bracket:(»«num:1»«var:px», «num:2»«var:px»«bracket:)» «func:rotate»«bracket:(»«num:45»«var:deg»«bracket:)»;
«bracket:}»"
`;

exports[`scss tokens interpolation 1`] = `
"«var:$prop»: «num:margin»;
«var:$side»: «num:top»;

«class:.box-»«oper:#{»«var:$side»«oper:}» «bracket:{»
  «oper:#{»«var:$prop»«oper:}»«var:-»«oper:#{»«var:$side»«oper:}»: «num:10»«var:px»;
  «var:border-»«oper:#{»«var:$side»«oper:}»: «num:1»«var:px» «num:solid»;
«bracket:}»

«kwd:@media» «bracket:(»«var:min-width»: «oper:#{»«var:$sm»«oper:}»«bracket:)» «bracket:{»
  «class:.a» «bracket:{» «var:display»: «num:none»; «bracket:}»
«bracket:}»"
`;

exports[`scss tokens loops 1`] = `
"«kwd:@each» «var:$name», «var:$color» «kwd:in» «var:$palette» «bracket:{»
  «class:.text-»«oper:#{»«var:$name»«oper:}» «bracket:{»
    «var:color»: «var:$color»;
  «bracket:}»
«bracket:}»

«kwd:@for» «var:$i» «kwd:from» «num:1» «kwd:through» «num:3» «bracket:{»
  «class:.mt-»«oper:#{»«var:$i»«oper:}» «bracket:{» «var:margin-top»: «var:$i» «oper:*» «num:4»«var:px»; «bracket:}»
«bracket:}»

«kwd:@while» «var:$i» «oper:>» «num:0» «bracket:{»
  «var:$i»: «var:$i» «oper:-» «num:1»;
«bracket:}»"
`;

exports[`scss tokens maps 1`] = `
"«var:$breakpoints»: «bracket:(»
  «str:"sm"»: «num:576»«var:px»,
  «str:"md"»: «num:768»«var:px»,
  «str:"lg"»: «num:992»«var:px»
«bracket:)»;

«var:$theme»: «bracket:(»«var:primary»: «num:#333», «var:secondary»: «num:#666»«bracket:)»;

«class:.a» «bracket:{»
  «var:width»: «class:map».«func:get»«bracket:(»«var:$breakpoints», «str:"md"»«bracket:)»;
«bracket:}»"
`;

exports[`scss tokens mixins 1`] = `
"«kwd:@mixin» «func:flex»«bracket:(»«var:$dir»: «num:row», «var:$gap»: «num:0»«bracket:)» «bracket:{»
  «var:display»: «num:flex»;
  «var:flex-direction»: «var:$dir»;
  «var:gap»: «var:$gap»;
  «kwd:@content»;
«bracket:}»

«class:.row» «bracket:{»
  «kwd:@include» «func:flex»«bracket:(»«var:$dir»: «num:column»«bracket:)» «bracket:{»
    «var:align-items»: «num:center»;
  «bracket:}»
«bracket:}»"
`;

exports[`scss tokens modules 1`] = `
"«kwd:@use» «str:"config"» «kwd:as» «num:cfg»;
«kwd:@use» «str:"sass:map"» «kwd:with» «bracket:(»«var:$base»: «num:12»«var:px»«bracket:)»;
«kwd:@forward» «str:"buttons"» «kwd:show» «class:%btn-base», «var:$btn-gap»;

«class:.a» «bracket:{»
  «var:padding»: «class:cfg».«var:$gutter»;
«bracket:}»"
`;

exports[`scss tokens nesting 1`] = `
"«class:.card» «bracket:{»
  «var:padding»: «num:1»«var:rem»;

  «class:&__title» «bracket:{»
    «var:font-size»: «num:1.25»«var:rem»;
  «bracket:}»

  «class:&--wide» «bracket:{» «var:width»: «num:100»«var:%»; «bracket:}»

  «class:&»«class::hover»,
  «class:&»«class::focus-visible» «bracket:{»
    «var:box-shadow»: «num:0» «num:0» «num:0» «num:2»«var:px» currentColor;
  «bracket:}»

  «class:h2» «oper:+» «class:p» «bracket:{» «var:margin-top»: «num:0»; «bracket:}»
«bracket:}»"
`;

exports[`scss tokens placeholders 1`] = `
"«class:%btn-base» «bracket:{»
  «var:border»: «num:0»;
  «var:cursor»: «num:pointer»;
«bracket:}»

«class:.btn-primary» «bracket:{»
  «kwd:@extend» «class:%btn-base»;
  «var:background»: «var:$primary»;
«bracket:}»"
`;

exports[`scss tokens selectors 1`] = `
"«oper:*»,
«oper:*»«class:::before» «bracket:{»
  «var:box-sizing»: «num:border-box»;
«bracket:}»

«class:ul» «oper:>» «class:li»«class::not»«bracket:(»«class:.active»«bracket:)» «oper:~» «class:li» «bracket:{»
  «var:color»: «num:inherit»;
«bracket:}»

«class:input»«bracket:[»«var:type»«oper:=»«str:"checkbox"»«bracket:]»«class::checked» «oper:+» «class:label» «bracket:{»
  «var:font-weight»: «num:700»;
«bracket:}»

«class:#main» «class:.nav» «class:a»«class::hover» «bracket:{»
  «var:text-decoration»: «num:underline» «kwd:!important»;
«bracket:}»"
`;

exports[`scss tokens strings 1`] = `
"«kwd:@use» «str:"sass:math"»;

«var:$font»: «str:"Helvetica Neue"», Arial, «num:sans-serif»;
«var:$sep»: «str:'/'»;

«class:.a»«class:::after» «bracket:{»
  «var:content»: «str:"\\201C"»;
  «var:background»: «func:url»(«str:"img/bg.png"») «num:no-repeat»;
«bracket:}»"
`;

exports[`scss tokens variables 1`] = `
"«var:$primary»: «num:#3498db» «kwd:!default»;
«var:$radius»: «num:4»«var:px»;
«var:$shadow»: «num:0» «num:2»«var:px» «num:4»«var:px» «func:rgba»«bracket:(»«num:0», «num:0», «num:0», «num:0.25»«bracket:)»;
«var:$enabled»: «bool:true» «kwd:!global»;
«var:$fallback»: «bool:null»;

«class:.a» «bracket:{»
  «var:border-radius»: «var:$radius»;
  «var:box-shadow»: «var:$shadow»;
«bracket:}»"
`;
