// Vitest Snapshot v1, https://vitest.dev/guide/snapshot.html

exports[`tsx > tokens > comments 1`] = `
"«cmnt:// view
»«kwd:const» view «oper:=» «oper:<»«oper:>»«oper:{»«cmnt:/* »«err:TODO»«cmnt:: paginate */»«oper:}»«oper:<»«var:Footer» «class:year»«oper:={»«num:2025»«oper:}» «oper:/>»«oper:</»«oper:>»;"
`;

exports[`tsx > tokens > hooks and generics 1`] = `
"«kwd:export» «kwd:function» «func:useToggle»«bracket:(»initial«type:: boolean»«bracket:)» «bracket:{»
  «kwd:const» «bracket:[»on«oper:,» setOn«bracket:]» «oper:=» useState«oper:<»boolean«oper:>»«bracket:(»initial«bracket:)»;
  «kwd:const» strict«type:: boolean» «oper:=» «bool:true»;
  «kwd:const» label «oper:=» on «oper:?» «str:"on"» «oper::» «str:"off"»;
  «kwd:return» «bracket:{» on«oper:,» label«oper:,» strict«oper:,» toggle«oper::» «bracket:(»«bracket:)» «kwd:=>» «func:setOn»«bracket:(»«oper:!»on«bracket:)» «bracket:}» «kwd:as» «kwd:const»;
«bracket:}»"
`;

exports[`tsx > tokens > typed component 1`] = `
"«kwd:interface» «class:Props» «bracket:{»
  title«type:: string»;
  count«oper:?:» number;
  onSave«oper::» «bracket:(»«bracket:)» «kwd:=>» «kwd:void»;
«bracket:}»

«kwd:export» «kwd:const» «class:Panel» «oper:=» «bracket:(»«bracket:{» title«oper:,» count«oper:,» onSave «bracket:}»«oper::» «class:Props»«bracket:)» «kwd:=>» «bracket:(»
  «oper:<»«var:section» «class:className»«oper:=»«str:"panel"»«oper:>»
    «oper:<»«var:h2»«oper:>»«oper:{»title«oper:.»«func:toUpperCase»«bracket:(»«bracket:)»«oper:}»«oper:</»«var:h2»«oper:>»
    «oper:<»«var:button» «class:onClick»«oper:={»onSave«oper:}» «class:disabled»«oper:={»count «oper:===» «num:0»«oper:}»«oper:>»
      save «oper:{»count«oper:}» drafts
    «oper:</»«var:button»«oper:>»
  «oper:</»«var:section»«oper:>»
«bracket:)»;"
`;

exports[`tsx > tokens > typed expressions 1`] = `
"«kwd:const» rows «oper:=» «bracket:(»
  «oper:<»«var:ul» «class:data-kind»«oper:=»«str:"list"»«oper:>»
    «oper:{»items«oper:.»«func:map»«bracket:(»«bracket:(»item«oper::» «class:Item»«bracket:)» «kwd:=>» «bracket:(»
      «oper:<»«var:li» «class:key»«oper:={»item«oper:.»id«oper:}»«oper:>»«oper:{»item«oper:.»name «kwd:as» string«oper:}»«oper:</»«var:li»«oper:>»
    «bracket:)»«bracket:)»«oper:}»
  «oper:</»«var:ul»«oper:>»
«bracket:)»;"
`;
